[    0.000000] Initializing cgroup subsys cpuset
[    0.000000] Initializing cgroup subsys cpu
[    0.000000] Initializing cgroup subsys cpuacct
[    0.000000] Linux version 4.4.0-210-generic (buildd@lgw01-amd64-009) (gcc version 5.4.0 20160609 (Ubuntu 5.4.0-6ubuntu1~16.04.12) ) #242-Ubuntu SMP Fri Apr 16 09:57:56 UTC 2021 (Ubuntu 4.4.0-210.242-generic 4.4.262)
[    0.000000] Command line: BOOT_IMAGE=/boot/vmlinuz-4.4.0-210-generic root=LABEL=cloudimg-rootfs ro console=tty1 console=ttyS0
[    0.000000] KERNEL supported cpus:
[    0.000000]   Intel GenuineIntel
[    0.000000]   AMD AuthenticAMD
[    0.000000]   Centaur CentaurHauls
[    0.000000] x86/fpu: Legacy x87 FPU detected.
[    0.000000] e820: BIOS-provided physical RAM map:
[    0.000000] BIOS-e820: [mem 0x0000000000000000-0x000000000009fbff] usable
[    0.000000] BIOS-e820: [mem 0x000000000009fc00-0x000000000009ffff] reserved
[    0.000000] BIOS-e820: [mem 0x00000000000f0000-0x00000000000fffff] reserved
[    0.000000] BIOS-e820: [mem 0x0000000000100000-0x000000003ffeffff] usable
[    0.000000] BIOS-e820: [mem 0x000000003fff0000-0x000000003fffffff] ACPI data
[    0.000000] BIOS-e820: [mem 0x00000000fec00000-0x00000000fec00fff] reserved
[    0.000000] BIOS-e820: [mem 0x00000000fee00000-0x00000000fee00fff] reserved
[    0.000000] BIOS-e820: [mem 0x00000000fffc0000-0x00000000ffffffff] reserved
[    0.000000] NX (Execute Disable) protection: active
[    0.000000] SMBIOS 2.5 present.
[    0.000000] Hypervisor detected: KVM
[    0.000000] Kernel/User page tables isolation: disabled
[    0.000000] e820: last_pfn = 0x3fff0 max_arch_pfn = 0x400000000
[    0.000000] MTRR: Disabled
[    0.000000] x86/PAT: MTRRs disabled, skipping PAT initialization too.
[    0.000000] CPU MTRRs all blank - virtualized system.
[    0.000000] x86/PAT: Configuration [0-7]: WB  WT  UC- UC  WB  WT  UC- UC  
[    0.000000] found SMP MP-table at [mem 0x0009fff0-0x0009ffff] mapped at [ffff88000009fff0]
[    0.000000] Scanning 1 areas for low memory corruption
[    0.000000] RAMDISK: [mem 0x362dc000-0x37165fff]
[    0.000000] ACPI: Early table checksum verification disabled
[    0.000000] ACPI: RSDP 0x00000000000E0000 000024 (v02 VBOX  )
[    0.000000] ACPI: XSDT 0x000000003FFF0030 00003C (v01 VBOX   VBOXXSDT 00000001 ASL  00000061)
[    0.000000] ACPI: FACP 0x000000003FFF00F0 0000F4 (v04 VBOX   VBOXFACP 00000001 ASL  00000061)
[    0.000000] ACPI: DSDT 0x000000003FFF0610 002353 (v02 VBOX   VBOXBIOS 00000002 INTL 20100528)
[    0.000000] ACPI: FACS 0x000000003FFF0200 000040
[    0.000000] ACPI: FACS 0x000000003FFF0200 000040
[    0.000000] ACPI: APIC 0x000000003FFF0240 00005C (v02 VBOX   VBOXAPIC 00000001 ASL  00000061)
[    0.000000] ACPI: SSDT 0x000000003FFF02A0 00036C (v01 VBOX   VBOXCPUT 00000002 INTL 20100528)
[    0.000000] No NUMA configuration found
[    0.000000] Faking a node at [mem 0x0000000000000000-0x000000003ffeffff]
[    0.000000] NODE_DATA(0) allocated [mem 0x3ffeb000-0x3ffeffff]
[    0.000000] kvm-clock: Using msrs 4b564d01 and 4b564d00
[    0.000000] kvm-clock: cpu 0, msr 0:3ffe3001, primary cpu clock
[    0.000000] kvm-clock: using sched offset of 3526680573 cycles
[    0.000000] clocksource: kvm-clock: mask: 0xffffffffffffffff max_cycles: 0x1cd42e4dffb, max_idle_ns: 881590591483 ns
[    0.000000] Zone ranges:
[    0.000000]   DMA      [mem 0x0000000000001000-0x0000000000ffffff]
[    0.000000]   DMA32    [mem 0x0000000001000000-0x000000003ffeffff]
[    0.000000]   Normal   empty
[    0.000000]   Device   empty
[    0.000000] Movable zone start for each node
[    0.000000] Early memory node ranges
[    0.000000]   node   0: [mem 0x0000000000001000-0x000000000009efff]
[    0.000000]   node   0: [mem 0x0000000000100000-0x000000003ffeffff]
[    0.000000] Initmem setup node 0 [mem 0x0000000000001000-0x000000003ffeffff]
[    0.000000] ACPI: PM-Timer IO Port: 0x4008
[    0.000000] IOAPIC[0]: apic_id 2, version 32, address 0xfec00000, GSI 0-23
[    0.000000] ACPI: INT_SRC_OVR (bus 0 bus_irq 0 global_irq 2 dfl dfl)
[    0.000000] ACPI: INT_SRC_OVR (bus 0 bus_irq 9 global_irq 9 low level)
[    0.000000] Using ACPI (MADT) for SMP configuration information
[    0.000000] smpboot: Allowing 2 CPUs, 0 hotplug CPUs
[    0.000000] PM: Registered nosave memory: [mem 0x00000000-0x00000fff]
[    0.000000] PM: Registered nosave memory: [mem 0x0009f000-0x0009ffff]
[    0.000000] PM: Registered nosave memory: [mem 0x000a0000-0x000effff]
[    0.000000] PM: Registered nosave memory: [mem 0x000f0000-0x000fffff]
[    0.000000] e820: [mem 0x40000000-0xfebfffff] available for PCI devices
[    0.000000] Booting paravirtualized kernel on KVM
[    0.000000] clocksource: refined-jiffies: mask: 0xffffffff max_cycles: 0xffffffff, max_idle_ns: 7645519600211568 ns
[    0.000000] setup_percpu: NR_CPUS:512 nr_cpumask_bits:512 nr_cpu_ids:2 nr_node_ids:1
[    0.000000] PERCPU: Embedded 33 pages/cpu @ffff88003fc00000 s95192 r8192 d31784 u1048576
[    0.000000] Built 1 zonelists in Node order, mobility grouping on.  Total pages: 257912
[    0.000000] Policy zone: DMA32
[    0.000000] Kernel command line: BOOT_IMAGE=/boot/vmlinuz-4.4.0-210-generic root=LABEL=cloudimg-rootfs ro console=tty1 console=ttyS0
[    0.000000] PID hash table entries: 4096 (order: 3, 32768 bytes)
[    0.000000] Memory: 997792K/1048120K available (8644K kernel code, 1332K rwdata, 4044K rodata, 1492K init, 1164K bss, 50328K reserved, 0K cma-reserved)
[    0.000000] SLUB: HWalign=64, Order=0-3, MinObjects=0, CPUs=2, Nodes=1
[    0.000000] Hierarchical RCU implementation.
[    0.000000] 	Build-time adjustment of leaf fanout to 64.
[    0.000000] 	RCU restricting CPUs from NR_CPUS=512 to nr_cpu_ids=2.
[    0.000000] RCU: Adjusting geometry for rcu_fanout_leaf=64, nr_cpu_ids=2
[    0.000000] NR_IRQS:33024 nr_irqs:440 16
[    0.000000] Console: colour VGA+ 80x25
[    0.000000] console [tty1] enabled
[    0.000000] console [ttyS0] enabled
[    0.000000] tsc: Detected 2112.006 MHz processor
[    0.499857] Calibrating delay loop (skipped) preset value.. 4224.01 BogoMIPS (lpj=8448024)
[    0.506476] pid_max: default: 32768 minimum: 301
[    0.512117] ACPI: Core revision 20150930
[    0.517531] ACPI: 2 ACPI AML tables successfully acquired and loaded
[    0.525741] Security Framework initialized
[    0.529165] Yama: becoming mindful.
[    0.532213] AppArmor: AppArmor initialized
[    0.537821] Dentry cache hash table entries: 131072 (order: 8, 1048576 bytes)
[    0.546521] Inode-cache hash table entries: 65536 (order: 7, 524288 bytes)
[    0.555395] Mount-cache hash table entries: 2048 (order: 2, 16384 bytes)
[    0.564309] Mountpoint-cache hash table entries: 2048 (order: 2, 16384 bytes)
[    0.570454] Initializing cgroup subsys io
[    0.573916] Initializing cgroup subsys memory
[    0.577472] Initializing cgroup subsys devices
[    0.581041] Initializing cgroup subsys freezer
[    0.584595] Initializing cgroup subsys net_cls
[    0.588203] Initializing cgroup subsys perf_event
[    0.591796] Initializing cgroup subsys net_prio
[    0.597574] Initializing cgroup subsys hugetlb
[    0.601126] Initializing cgroup subsys pids
[    0.618421] mce: CPU supports 0 MCE banks
[    0.623007] Last level iTLB entries: 4KB 64, 2MB 8, 4MB 8
[    0.629006] Last level dTLB entries: 4KB 64, 2MB 0, 4MB 0, 1GB 4
[    0.634094] Spectre V1 : Mitigation: usercopy/swapgs barriers and __user pointer sanitization
[    0.643333] Spectre V2 : Mitigation: Enhanced IBRS
[    0.648632] Spectre V2 : Spectre v2 / SpectreRSB mitigation: Filling RSB on context switch
[    0.654645] Speculative Store Bypass: Vulnerable
[    0.658278] SRBDS: Mitigation: TSX disabled
[    0.692577] Freeing SMP alternatives memory: 36K
[    0.761804] ftrace: allocating 32380 entries in 127 pages
[    1.226796] smpboot: APIC(0) Converting physical 0 to logical package 0
[    1.234113] smpboot: Max logical packages: 1
[    1.249965] ..TIMER: vector=0x30 apic1=0 pin1=2 apic2=-1 pin2=-1
[    1.363672] smpboot: CPU0: Intel(R) Core(TM) i5-10210U CPU @ 1.60GHz (family: 0x6, model: 0x8e, stepping: 0xc)
[    1.372044] Performance Events: unsupported p6 CPU model 142 no PMU driver, software events only.
[    1.452070] KVM setup paravirtual spinlock
[    1.457805] x86: Booting SMP configuration:
[    1.461574] .... node  #0, CPUs:      #1
[    1.466184] kvm-clock: cpu 1, msr 0:3ffe3041, secondary cpu clock
[    1.483489] mce: CPU supports 0 MCE banks
[    1.487647] TSC synchronization [CPU#0 -> CPU#1]:
[    1.491821] Measured 49936 cycles TSC warp between CPUs, turning off TSC clock.
[    1.497708] tsc: Marking TSC unstable due to check_tsc_sync_source failed
[    0.485620] x86: Booted up 1 node, 2 CPUs
[    0.488003] smpboot: Total of 2 processors activated (8448.02 BogoMIPS)
[    0.496496] devtmpfs: initialized
[    0.501803] evm: security.selinux
[    0.504007] evm: security.SMACK64
[    0.508004] evm: security.SMACK64EXEC
[    0.512002] evm: security.SMACK64TRANSMUTE
[    0.516002] evm: security.SMACK64MMAP
[    0.518767] evm: security.ima
[    0.520005] evm: security.capability
[    0.524261] clocksource: jiffies: mask: 0xffffffff max_cycles: 0xffffffff, max_idle_ns: 7645041785100000 ns
[    0.528009] futex hash table entries: 512 (order: 3, 32768 bytes)
[    0.532286] pinctrl core: initialized pinctrl subsystem
[    0.536355] RTC time: 14:31:51, date: 03/13/23
[    0.541009] NET: Registered protocol family 16
[    0.556013] cpuidle: using governor ladder
[    0.572012] cpuidle: using governor menu
[    0.576111] PCCT header not found.
[    0.580116] ACPI: bus type PCI registered
[    0.584003] acpiphp: ACPI Hot Plug PCI Controller Driver version: 0.5
[    0.588367] PCI: Using configuration type 1 for base access
[    0.616167] ACPI: Added _OSI(Module Device)
[    0.620002] ACPI: Added _OSI(Processor Device)
[    0.624002] ACPI: Added _OSI(3.0 _SCP Extensions)
[    0.628002] ACPI: Added _OSI(Processor Aggregator Device)
[    0.633026] ACPI: Executed 1 blocks of module-level executable AML code
[    0.643341] ACPI: Interpreter enabled
[    0.644009] ACPI: (supports S0 S5)
[    0.648002] ACPI: Using IOAPIC for interrupt routing
[    0.652297] PCI: Using host bridge windows from ACPI; if necessary, use "pci=nocrs" and report a bug
[    0.663220] ACPI: PCI Root Bridge [PCI0] (domain 0000 [bus 00-ff])
[    0.664006] acpi PNP0A03:00: _OSC: OS supports [ASPM ClockPM Segments MSI]
[    0.668546] acpi PNP0A03:00: _OSC: not requesting OS control; OS requires [ExtendedConfig ASPM ClockPM MSI]
[    0.672007] acpi PNP0A03:00: fail to add MMCONFIG information, can't access extended PCI configuration space under this bridge.
[    0.676586] PCI host bridge to bus 0000:00
[    0.680003] pci_bus 0000:00: root bus resource [io  0x0000-0x0cf7 window]
[    0.684003] pci_bus 0000:00: root bus resource [io  0x0d00-0xffff window]
[    0.688003] pci_bus 0000:00: root bus resource [mem 0x000a0000-0x000bffff window]
[    0.692003] pci_bus 0000:00: root bus resource [mem 0x40000000-0xfdffffff window]
[    0.696003] pci_bus 0000:00: root bus resource [bus 00-ff]
[    0.708984] pci 0000:00:01.1: legacy IDE quirk: reg 0x10: [io  0x01f0-0x01f7]
[    0.712004] pci 0000:00:01.1: legacy IDE quirk: reg 0x14: [io  0x03f6]
[    0.716003] pci 0000:00:01.1: legacy IDE quirk: reg 0x18: [io  0x0170-0x0177]
[    0.720002] pci 0000:00:01.1: legacy IDE quirk: reg 0x1c: [io  0x0376]
[    0.742269] pci 0000:00:07.0: quirk: [io  0x4000-0x403f] claimed by PIIX4 ACPI
[    0.744031] pci 0000:00:07.0: quirk: [io  0x4100-0x410f] claimed by PIIX4 SMB
[    0.756092] ACPI: PCI Interrupt Link [LNKA] (IRQs 5 9 10 *11)
[    0.768286] ACPI: PCI Interrupt Link [LNKB] (IRQs 5 9 *10 11)
[    0.775006] ACPI: PCI Interrupt Link [LNKC] (IRQs 5 *9 10 11)
[    0.781876] ACPI: PCI Interrupt Link [LNKD] (IRQs 5 9 10 *11)
[    0.789077] ACPI: Enabled 2 GPEs in block 00 to 07
[    0.792213] vgaarb: setting as boot device: PCI:0000:00:02.0
[    0.796000] vgaarb: device added: PCI:0000:00:02.0,decodes=io+mem,owns=io+mem,locks=none
[    0.796003] vgaarb: loaded
[    0.798122] vgaarb: bridge control possible 0000:00:02.0
[    0.800302] SCSI subsystem initialized
[    0.804217] ACPI: bus type USB registered
[    0.808031] usbcore: registered new interface driver usbfs
[    0.812025] usbcore: registered new interface driver hub
[    0.816008] usbcore: registered new device driver usb
[    0.824282] PCI: Using ACPI for IRQ routing
[    0.828210] NetLabel: Initializing
[    0.830800] NetLabel:  domain hash size = 128
[    0.832001] NetLabel:  protocols = UNLABELED CIPSOv4
[    0.836011] NetLabel:  unlabeled traffic allowed by default
[    0.840123] amd_nb: Cannot enumerate AMD northbridges
[    0.844263] clocksource: Switched to clocksource kvm-clock
[    0.852727] AppArmor: AppArmor Filesystem Enabled
[    0.852727] pnp: PnP ACPI init
[    0.852727] pnp: PnP ACPI: found 3 devices
[    0.921043] clocksource: acpi_pm: mask: 0xffffff max_cycles: 0xffffff, max_idle_ns: 2085701024 ns
[    0.924089] NET: Registered protocol family 2
[    0.931785] TCP established hash table entries: 8192 (order: 4, 65536 bytes)
[    0.935135] TCP bind hash table entries: 8192 (order: 5, 131072 bytes)
[    0.935135] TCP: Hash tables configured (established 8192 bind 8192)
[    0.935135] UDP hash table entries: 512 (order: 2, 16384 bytes)
[    0.935135] UDP-Lite hash table entries: 512 (order: 2, 16384 bytes)
[    0.935135] NET: Registered protocol family 1
[    0.935135] pci 0000:00:00.0: Limiting direct PCI/PCI transfers
[    0.935135] pci 0000:00:01.0: Activating ISA DMA hang workarounds
[    0.935135] Unpacking initramfs...
[    0.935135] Freeing initrd memory: 14888K
[    0.935135] clocksource: tsc: mask: 0xffffffffffffffff max_cycles: 0x1e717e40680, max_idle_ns: 440795297614 ns
[    0.935135] platform rtc_cmos: registered platform RTC device (no PNP device found)
[    0.935135] Scanning for low memory corruption every 60 seconds
[    1.289416] audit: initializing netlink subsys (disabled)
[    1.294325] audit: type=2000 audit(1678717916.008:1): initialized
[    1.299061] Initialise system trusted keyring
[    1.303570] HugeTLB registered 2 MB page size, pre-allocated 0 pages
[    1.312087] zbud: loaded
[    1.315092] VFS: Disk quotas dquot_6.6.0
[    1.318194] VFS: Dquot-cache hash table entries: 512 (order 0, 4096 bytes)
[    1.323330] squashfs: version 4.0 (2009/01/31) Phillip Lougher
[    1.329794] fuse init (API version 7.23)
[    1.333156] Key type big_key registered
[    1.336239] Allocating IMA MOK and blacklist keyrings.
[    1.355150] Key type asymmetric registered
[    1.358880] Asymmetric key parser 'x509' registered
[    1.362563] Block layer SCSI generic (bsg) driver version 0.4 loaded (major 249)
[    1.368875] io scheduler noop registered
[    1.371758] io scheduler deadline registered (default)
[    1.375619] io scheduler cfq registered
[    1.378691] pci_hotplug: PCI Hot Plug PCI Core version: 0.5
[    1.383120] pciehp: PCI Express Hot Plug Controller Driver version: 0.4
[    1.388764] ACPI: AC Adapter [AC] (off-line)
[    1.392179] input: Power Button as /devices/LNXSYSTM:00/LNXPWRBN:00/input/input0
[    1.397574] ACPI: Power Button [PWRF]
[    1.400560] input: Sleep Button as /devices/LNXSYSTM:00/LNXSLPBN:00/input/input1
[    1.406052] ACPI: Sleep Button [SLPF]
[    1.409728] GHES: HEST is not enabled!
[    1.411007] ACPI: Battery Slot [BAT0] (battery present)
[    1.417075] Serial: 8250/16550 driver, 32 ports, IRQ sharing enabled
[    1.446644] 00:02: ttyS0 at I/O 0x3f8 (irq = 4, base_baud = 115200) is a 16550A
[    1.467311] Linux agpgart interface v0.103
[    1.482040] loop: module loaded
[    1.487877] scsi host0: ata_piix
[    1.491971] scsi host1: ata_piix
[    1.494963] ata1: PATA max UDMA/33 cmd 0x1f0 ctl 0x3f6 bmdma 0xd000 irq 14
[    1.495936] ata2: PATA max UDMA/33 cmd 0x170 ctl 0x376 bmdma 0xd008 irq 15
[    1.505090] libphy: Fixed MDIO Bus: probed
[    1.509298] tun: Universal TUN/TAP device driver, 1.6
[    1.513072] tun: (C) 1999-2004 Max Krasnyansky <maxk@qualcomm.com>
[    1.518030] PPP generic driver version 2.4.2
[    1.521698] ehci_hcd: USB 2.0 'Enhanced' Host Controller (EHCI) Driver
[    1.526621] ehci-pci: EHCI PCI platform driver
[    1.530007] ehci-platform: EHCI generic platform driver
[    1.534015] ohci_hcd: USB 1.1 'Open' Host Controller (OHCI) Driver
[    1.538557] ohci-pci: OHCI PCI platform driver
[    1.541925] ohci-platform: OHCI generic platform driver
[    1.545860] uhci_hcd: USB Universal Host Controller Interface driver
[    1.550503] i8042: PNP: PS/2 Controller [PNP0303:PS2K,PNP0f03:PS2M] at 0x60,0x64 irq 1,12
[    1.559299] serio: i8042 KBD port at 0x60,0x64 irq 1
[    1.563013] serio: i8042 AUX port at 0x60,0x64 irq 12
[    1.567711] mousedev: PS/2 mouse device common for all mice
[    1.575669] rtc_cmos rtc_cmos: rtc core: registered rtc_cmos as rtc0
[    1.580532] input: AT Translated Set 2 keyboard as /devices/platform/i8042/serio0/input/input2
[    1.585253] rtc_cmos rtc_cmos: alarms up to one day, 114 bytes nvram
[    1.585263] i2c /dev entries driver
[    1.585342] device-mapper: uevent: version 1.0.3
[    1.585421] device-mapper: ioctl: 4.34.0-ioctl (2015-10-28) initialised: dm-devel@redhat.com
[    1.585437] ledtrig-cpu: registered to indicate activity on CPUs
[    1.586061] NET: Registered protocol family 10
[    1.586221] NET: Registered protocol family 17
[    1.586238] Key type dns_resolver registered
[    1.586534] registered taskstats version 1
[    1.586543] Loading compiled-in X.509 certificates
[    1.587075] Loaded X.509 cert 'Build time autogenerated kernel key: cf00e047681d67edb2720680708b7d9498083038'
[    1.587090] zswap: loaded using pool lzo/zbud
[    1.588740] Key type trusted registered
[    1.591156] Key type encrypted registered
[    1.591160] AppArmor: AppArmor sha1 policy hashing enabled
[    1.591162] ima: No TPM chip found, activating TPM-bypass!
[    1.591174] ima: Allocated hash algorithm: sha1
[    1.591213] evm: HMAC attrs: 0x1
[    1.591705]   Magic number: 15:918:535
[    1.591717] tty ttyS15: hash matches
[    1.594275] rtc_cmos rtc_cmos: setting system clock to 2023-03-13 14:31:52 UTC (1678717912)
[    1.594335] BIOS EDD facility v0.16 2004-Jun-25, 0 devices found
[    1.594336] EDD information not available.
[    1.719113] Freeing unused kernel memory: 1492K
[    1.736113] Write protecting the kernel read-only data: 14336k
[    1.744171] Freeing unused kernel memory: 1584K
[    1.750759] Freeing unused kernel memory: 52K
Loading, please wait...
starting version 229
[    1.775929] random: udevadm: uninitialized urandom read (16 bytes read, 9 bits of entropy available)
[    1.776563] random: systemd-udevd: uninitialized urandom read (16 bytes read, 9 bits of entropy available)
[    1.776615] random: systemd-udevd: uninitialized urandom read (16 bytes read, 9 bits of entropy available)
[    1.776631] random: systemd-udevd: uninitialized urandom read (16 bytes read, 9 bits of entropy available)
[    1.776649] random: systemd-udevd: uninitialized urandom read (16 bytes read, 9 bits of entropy available)
[    1.811496] random: udevadm: uninitialized urandom read (16 bytes read, 9 bits of entropy available)
[    1.825102] random: systemd-udevd: uninitialized urandom read (16 bytes read, 9 bits of entropy available)
[    1.827505] random: udevadm: uninitialized urandom read (16 bytes read, 9 bits of entropy available)
[    1.827541] random: udevadm: uninitialized urandom read (16 bytes read, 9 bits of entropy available)
[    1.827806] random: udevadm: uninitialized urandom read (16 bytes read, 9 bits of entropy available)
[    1.899547] e1000: Intel(R) PRO/1000 Network Driver - version 7.3.21-k8-NAPI
[    1.905975] e1000: Copyright (c) 1999-2006 Intel Corporation.
[    1.916940] Fusion MPT base driver 3.04.20
[    1.921540] Copyright (c) 1999-2008 LSI Corporation
[    1.942418] Fusion MPT SPI Host driver 3.04.20
[    1.968818] SSE version of gcm_enc/dec engaged.
[    2.178677] input: ImExPS/2 Generic Explorer Mouse as /devices/platform/i8042/serio1/input/input4
[    2.562208] e1000 0000:00:03.0 eth0: (PCI:33MHz:32-bit) 02:be:82:6b:cc:1d
[    2.568364] e1000 0000:00:03.0 eth0: Intel(R) PRO/1000 Network Connection
[    2.576689] e1000 0000:00:03.0 enp0s3: renamed from eth0
[    2.581457] mptbase: ioc0: Initiating bringup
[    3.254869] ioc0: LSI53C1030 A0: Capabilities={Initiator}
[    3.888707] scsi host2: ioc0: LSI53C1030 A0, FwRev=00000000h, Ports=1, MaxQ=256, IRQ=20
[    4.403777] scsi 2:0:0:0: Direct-Access     VBOX     HARDDISK         1.0  PQ: 0 ANSI: 5
[    4.413847] scsi target2:0:0: Beginning Domain Validation
[    4.428991] scsi target2:0:0: Domain Validation skipping write tests
[    4.435125] scsi target2:0:0: Ending Domain Validation
[    4.439748] scsi target2:0:0: asynchronous
[    4.446839] scsi 2:0:1:0: Direct-Access     VBOX     HARDDISK         1.0  PQ: 0 ANSI: 5
[    4.454224] scsi target2:0:1: Beginning Domain Validation
[    4.468604] scsi target2:0:1: Domain Validation skipping write tests
[    4.472535] scsi target2:0:1: Ending Domain Validation
[    4.478487] scsi target2:0:1: asynchronous
[    4.512976] sd 2:0:0:0: Attached scsi generic sg0 type 0
[    4.513914] sd 2:0:0:0: [sda] 83886080 512-byte logical blocks: (42.9 GB/40.0 GiB)
[    4.514706] sd 2:0:0:0: [sda] Write Protect is off
[    4.515193] sd 2:0:0:0: [sda] Incomplete mode parameter data
[    4.515194] sd 2:0:0:0: [sda] Assuming drive cache: write through
[    4.540394] sd 2:0:1:0: Attached scsi generic sg1 type 0
[    4.541841] sd 2:0:1:0: [sdb] 20480 512-byte logical blocks: (10.5 MB/10.0 MiB)
[    4.542777] sd 2:0:1:0: [sdb] Write Protect is off
[    4.543143] sd 2:0:1:0: [sdb] Incomplete mode parameter data
[    4.543144] sd 2:0:1:0: [sdb] Assuming drive cache: write through
[    4.549920]  sda: sda1
[    4.552186] sd 2:0:0:0: [sda] Attached SCSI disk
[    4.554484] sd 2:0:1:0: [sdb] Attached SCSI disk
Begin: Loading essential drivers ... [    6.223879] md: linear personality registered for level -1
[    6.232150] md: multipath personality registered for level -4
[    6.240513] md: raid0 personality registered for level 0
[    6.256677] md: raid1 personality registered for level 1
[    6.332717] raid6: sse2x1   gen() 10694 MB/s
[    6.404104] raid6: sse2x1   xor()  7435 MB/s
[    6.472337] raid6: sse2x2   gen() 14783 MB/s
[    6.544620] raid6: sse2x2   xor()  4967 MB/s
[    6.616815] raid6: sse2x4   gen()  9471 MB/s
[    6.688233] raid6: sse2x4   xor()  6965 MB/s
[    6.693348] raid6: using algorithm sse2x2 gen() 14783 MB/s
[    6.698538] raid6: .... xor() 4967 MB/s, rmw enabled
[    6.704895] raid6: using ssse3x2 recovery algorithm
[    6.713368] xor: measuring software checksum speed
[   10.449553]    prefetch64-sse: 1338132.704 MB/sec
[   11.540735]    generic_sse: 50953.000 MB/sec
[   11.544757] xor: using function: prefetch64-sse (1338132.704 MB/sec)
[   11.552495] async_tx: api initialized (async)
[   11.599139] md: raid6 personality registered for level 6
[   11.621723] md: raid5 personality registered for level 5
[   11.626049] md: raid4 personality registered for level 4
[   11.650918] md: raid10 personality registered for level 10
done.
Begin: Running /scripts/init-premount ... done.
Begin: Mounting root file system ... Begin: Running /scripts/local-top ... done.
Begin: Running /scripts/local-premount ... [   11.721682] Btrfs loaded
Scanning for Btrfs filesystems
done.
Warning: fsck not present, so skipping root file system
[   11.787230] EXT4-fs (sda1): mounted filesystem with ordered data mode. Opts: (null)
done.
Begin: Running /scripts/local-bottom ... done.
Begin: Running /scripts/init-bottom ... done.
[   11.969192] systemd[1]: systemd 229 running in system mode. (+PAM +AUDIT +SELINUX +IMA +APPARMOR +SMACK +SYSVINIT +UTMP +LIBCRYPTSETUP +GCRYPT +GNUTLS +ACL +XZ -LZ4 +SECCOMP +BLKID +ELFUTILS +KMOD -IDN)
[   11.981837] systemd[1]: Detected virtualization oracle.
[   11.985913] systemd[1]: Detected architecture x86-64.

Welcome to [1mUbuntu 16.04.7 LTS[0m!

[   11.997157] systemd[1]: Set hostname to <ubuntu>.
[   12.005815] systemd[1]: Initializing machine ID from random generator.
[   12.010857] systemd[1]: Installed transient /etc/machine-id file.
[   12.203924] systemd[1]: Reached target System Time Synchronized.
[[0;32m  OK  [0m] Reached target System Time Synchronized.
[   12.211205] systemd[1]: Set up automount Arbitrary Executable File Formats File System Automount Point.
[[0;32m  OK  [0m] Set up automount Arbitrary Executab...ats File System Automount Point.
[   12.221747] systemd[1]: Listening on LVM2 poll daemon socket.
[[0;32m  OK  [0m] Listening on LVM2 poll daemon socket.
[   12.228836] systemd[1]: Reached target User and Group Name Lookups.
[[0;32m  OK  [0m] Reached target User and Group Name Lookups.
[   12.236869] systemd[1]: Reached target Swap.
[[0;32m  OK  [0m] Reached target Swap.
[   12.242705] systemd[1]: Listening on Device-mapper event daemon FIFOs.
[[0;32m  OK  [0m] Listening on Device-mapper event daemon FIFOs.
[   12.250618] systemd[1]: Listening on Journal Socket (/dev/log).
[[0;32m  OK  [0m] Listening on Journal Socket (/dev/log).
[   12.258153] systemd[1]: Listening on /dev/initctl Compatibility Named Pipe.
[[0;32m  OK  [0m] Listening on /dev/initctl Compatibility Named Pipe.
[   12.266515] systemd[1]: Listening on udev Kernel Socket.
[[0;32m  OK  [0m] Listening on udev Kernel Socket.
[   12.273249] systemd[1]: Started Forward Password Requests to Wall Directory Watch.
[[0;32m  OK  [0m] Started Forward Password Requests to Wall Directory Watch.
[   12.282560] systemd[1]: Listening on Syslog Socket.
[[0;32m  OK  [0m] Listening on Syslog Socket.
[   12.288957] systemd[1]: Reached target Encrypted Volumes.
[[0;32m  OK  [0m] Reached target Encrypted Volumes.
[   12.295819] systemd[1]: Listening on Journal Socket.
[[0;32m  OK  [0m] Listening on Journal Socket.
[   12.302321] systemd[1]: Listening on Journal Audit Socket.
[[0;32m  OK  [0m] Listening on Journal Audit Socket.
[   12.309568] systemd[1]: Listening on udev Control Socket.
[[0;32m  OK  [0m] Listening on udev Control Socket.
[   12.316815] systemd[1]: Created slice User and Session Slice.
[[0;32m  OK  [0m] Created slice User and Session Slice.
[   12.324427] systemd[1]: Started Trigger resolvconf update for networkd DNS.
[[0;32m  OK  [0m] Started Trigger resolvconf update for networkd DNS.
[   12.333121] systemd[1]: Listening on fsck to fsckd communication Socket.
[[0;32m  OK  [0m] Listening on fsck to fsckd communication Socket.
[   12.341384] systemd[1]: Listening on LVM2 metadata daemon socket.
[[0;32m  OK  [0m] Listening on LVM2 metadata daemon socket.
[   12.349272] systemd[1]: Created slice System Slice.
[[0;32m  OK  [0m] Created slice System Slice.
[   12.368157] systemd[1]: Starting Journal Service...
         Starting Journal Service...
[   12.418121] systemd[1]: Starting File System Check on Root Device...
         Starting File System Check on Root Device...
[   12.435736] systemd[1]: Starting Monitoring of LVM2 mirrors, snapshots etc. using dmeventd or progress polling...
         Starting Monitoring of LVM2 mirrors... dmeventd or progress polling...
[   12.472174] systemd[1]: Mounting Debug File System...
         Mounting Debug File System...
[   12.481902] systemd[1]: Starting Load Kernel Modules...
         Starting Load Kernel Modules...
[   12.492271] systemd[1]: Reached target Slices.
[[0;32m  OK  [0m] Reached target Slices.
[   12.499070] systemd[1]: Starting Uncomplicated firewall...
         Starting Uncomplicated firewall...
[   12.507634] systemd[1]: Starting Nameserver information manager...
         Starting Nameserver information manager...
[   12.517214] systemd[1]: Created slice system-serial\x2dgetty.slice.
[   12.517943] Loading iSCSI transport class v2.0-870.
[[0;32m  OK  [0m] Created slice system-serial\x2dgetty.slice.
[   12.538022] iscsi: registered transport (tcp)
[   12.544220] systemd[1]: Starting Create list of required static device nodes for the current kernel...
         Starting Create list of required st... nodes for the current kernel...
[   12.557648] systemd[1]: Starting Set console keymap...
         Starting Set console keymap...
[   12.569404] systemd[1]: Mounting POSIX Message Queue File System...
         Mounting POSIX Message Queue File System...
[   12.579023] systemd[1]: Mounting Huge Pages File System...
         Mounting Huge Pages File System...
[   12.592937] systemd[1]: Mounted Huge Pages File System.
[[0;32m  OK  [0m] Mounted Huge Pages File System.
[   12.602914] systemd[1]: Mounted POSIX Message Queue File System.
[[0;32m  OK  [0m] Mounted POSIX Message Queue File System.
[   12.613664] systemd[1]: Mounted Debug File System.
[[0;32m  OK  [0m] Mounted Debug File System.
[   12.621116] systemd[1]: Started Journal Service.
[   12.624893] random: nonblocking pool is initialized
[[0;32m  OK  [0m] Started Journal Service.
[[0;32m  OK  [0m] Started File System Check on Root Device.
[[0;32m  OK  [0m] Started Uncomplicated firewall.
[[0;32m  OK  [0m] Started Create list of required sta...ce nodes for the current kernel.
[[0;32m  OK  [0m] Started Set console keymap.
[[0;32m  OK  [0m] Started Nameserver information manager.
[   12.670656] iscsi: registered transport (iser)
[[0;32m  OK  [0m] Started LVM2 metadata daemon.
[[0;32m  OK  [0m] Started File System Check Daemon to report status.
         Starting Create Static Device Nodes in /dev...
         Starting Remount Root and Kernel File Systems...
[   12.704968] EXT4-fs (sda1): re-mounted. Opts: (null)
[[0;32m  OK  [0m] Started Load Kernel Modules.
[[0;32m  OK  [0m] Started Remount Root and Kernel File Systems.
[[0;32m  OK  [0m] Started Create Static Device Nodes in /dev.
         Starting udev Kernel Device Manager...
         Starting udev Coldplug all Devices...
         Starting Flush Journal to Persistent Storage...
         Starting Load/Save Random Seed...
         Mounting FUSE Control File System...
         Starting Apply Kernel Variables...
[[0;32m  OK  [0m] Mounted FUSE Control File System.
[[0;32m  OK  [0m] Started udev Kernel Device Manager.
[[0;32m  OK  [0m] Started Load/Save Random Seed.
[[0;32m  OK  [0m] Started Apply Kernel Variables.
[[0;32m  OK  [0m] Started Flush Journal to Persistent Storage.
[[0;32m  OK  [0m] Started udev Coldplug all Devices.
[[0;32m  OK  [0m] Started Dispatch Password Requests to Console Directory Watch.
[[0;32m  OK  [0m] Found device /dev/ttyS0.
[[0;32m  OK  [0m] Listening on Load/Save RF Kill Switch Status /dev/rfkill Watch.
[[0;32m  OK  [0m] Started Monitoring of LVM2 mirrors,...ng dmeventd or progress polling.
[[0;32m  OK  [0m] Reached target Local File Systems (Pre).
[[0;32m  OK  [0m] Reached target Local File Systems.
         Starting Tell Plymouth To Write Out Runtime Data...
         Starting Initial cloud-init job (pre-networking)...
         Starting Set console font and keymap...
         Starting Commit a transient machine-id on disk...
         Starting LSB: AppArmor initialization...
         Starting Create Volatile Files and Directories...
[[0;32m  OK  [0m] Started Tell Plymouth To Write Out Runtime Data.
[[0;32m  OK  [0m] Started Commit a transient machine-id on disk.
[[0;32m  OK  [0m] Started Create Volatile Files and Directories.
         Starting Update UTMP about System Boot/Shutdown...
[[0;32m  OK  [0m] Started Update UTMP about System Boot/Shutdown.
[[0;32m  OK  [0m] Started Set console font and keymap.
[[0;32m  OK  [0m] Created slice system-getty.slice.
[[0;32m  OK  [0m] Started LSB: AppArmor initialization.
         Starting Load AppArmor profiles managed internally by snapd...
[[0;32m  OK  [0m] Started Load AppArmor profiles managed internally by snapd.
[   15.423247] cloud-init[605]: Cloud-init v. 21.1-19-gbad84ad4-0ubuntu1~16.04.2 running 'init-local' at Mon, 13 Mar 2023 14:32:05 +0000. Up 14.76 seconds.
[[0;32m  OK  [0m] Started Initial cloud-init job (pre-networking).
[[0;32m  OK  [0m] Reached target Network (Pre).
         Starting Raise network interfaces...
[[0;32m  OK  [0m] Started Raise network interfaces.
         Starting Initial cloud-init job (metadata service crawler)...
[[0;32m  OK  [0m] Reached target Network.
[   17.263560] cloud-init[946]: Cloud-init v. 21.1-19-gbad84ad4-0ubuntu1~16.04.2 running 'init' at Mon, 13 Mar 2023 14:32:06 +0000. Up 16.02 seconds.
[   17.269223] cloud-init[946]: ci-info: ++++++++++++++++++++++++++++++++++++++Net device info++++++++++++++++++++++++++++++++++++++
[   17.274466] cloud-init[946]: ci-info: +--------+------+----------------------------+---------------+--------+-------------------+
[   17.279871] cloud-init[946]: ci-info: | Device |  Up  |          Address           |      Mask     | Scope  |     Hw-Address    |
[   17.285190] cloud-init[946]: ci-info: +--------+------+----------------------------+---------------+--------+-------------------+
[   17.290413] cloud-init[946]: ci-info: | enp0s3 | True |         10.0.2.15          | 255.255.255.0 | global | 02:be:82:6b:cc:1d |
[   17.295558] cloud-init[946]: ci-info: | enp0s3 | True | fe80::be:82ff:fe6b:cc1d/64 |       .       |  link  | 02:be:82:6b:cc:1d |
[   17.300866] cloud-init[946]: ci-info: |   lo   | True |         127.0.0.1          |   255.0.0.0   |  host  |         .         |
[   17.306079] cloud-init[946]: ci-info: |   lo   | True |          ::1/128           |       .       |  host  |         .         |
[   17.311228] cloud-init[946]: ci-info: +--------+------+----------------------------+---------------+--------+-------------------+
[   17.317571] cloud-init[946]: ci-info: +++++++++++++++++++++++++++Route IPv4 info++++++++++++++++++++++++++++
[   17.322189] cloud-init[946]: ci-info: +-------+-------------+----------+---------------+-----------+-------+
[   17.327336] cloud-init[946]: ci-info: | Route | Destination | Gateway  |    Genmask    | Interface | Flags |
[   17.332007] cloud-init[946]: ci-info: +-------+-------------+----------+---------------+-----------+-------+
[   17.336961] cloud-init[946]: ci-info: |   0   |   0.0.0.0   | 10.0.2.2 |    0.0.0.0    |   enp0s3  |   UG  |
[   17.341470] cloud-init[946]: ci-info: |   1   |   10.0.2.0  | 0.0.0.0  | 255.255.255.0 |   enp0s3  |   U   |
[   17.346583] cloud-init[946]: ci-info: +-------+-------------+----------+---------------+-----------+-------+
[   17.351953] cloud-init[946]: ci-info: +++++++++++++++++++Route IPv6 info+++++++++++++++++++
[   17.356277] cloud-init[946]: ci-info: +-------+-------------+---------+-----------+-------+
[   17.361266] cloud-init[946]: ci-info: | Route | Destination | Gateway | Interface | Flags |
[   17.373847] cloud-init[946]: ci-info: +-------+-------------+---------+-----------+-------+
[   17.374970] cloud-init[946]: ci-info: |   0   |  fe80::/64  |    ::   |   enp0s3  |   U   |
[   17.375068] cloud-init[946]: ci-info: |   3   |   ff00::/8  |    ::   |   enp0s3  |   U   |
[   17.375688] cloud-init[946]: ci-info: +-------+-------------+---------+-----------+-------+
[   17.376289] cloud-init[946]: Generating public/private rsa key pair.
[   17.376483] cloud-init[946]: Your identification has been saved in /etc/ssh/ssh_host_rsa_key.
[   17.376822] cloud-init[946]: Your public key has been saved in /etc/ssh/ssh_host_rsa_key.pub.
[   17.377178] cloud-init[946]: The key fingerprint is:
[   17.377555] cloud-init[946]: SHA256:CvuNIDR6giMfnM3xZYohEAKIZnDmeTpHIYhB8BgeaRA root@ubuntu-xenial
[   17.377900] cloud-init[946]: The key's randomart image is:
[   17.378259] cloud-init[946]: +---[RSA 2048]----+
[   17.378652] cloud-init[946]: |E*= .            |
[   17.378975] cloud-init[946]: |B&.o .           |
[   17.379342] cloud-init[946]: |*.+ o            |
[   17.379688] cloud-init[946]: | . +             |
[   17.381234] cloud-init[946]: |  * =   S        |
[   17.381382] cloud-init[946]: |.+ O B =         |
[   17.381723] cloud-init[946]: |* * * +          |
[   17.382080] cloud-init[946]: |.= o o o         |
[   17.382533] cloud-init[946]: |  .   o .        |
[   17.382909] cloud-init[946]: +----[SHA256]-----+
[   17.383312] cloud-init[946]: Generating public/private dsa key pair.
[   17.383745] cloud-init[946]: Your identification has been saved in /etc/ssh/ssh_host_dsa_key.
[   17.384589] cloud-init[946]: Your public key has been saved in /etc/ssh/ssh_host_dsa_key.pub.
[   17.384944] cloud-init[946]: The key fingerprint is:
[   17.385479] cloud-init[946]: SHA256:1nN6toZU8mg4stuPiWEBSyc8hGJxghG8nbTEFmiGXVM root@ubuntu-xenial
[   17.385880] cloud-init[946]: The key's randomart image is:
[   17.386261] cloud-init[946]: +---[DSA 1024]----+
[   17.386645] cloud-init[946]: |**+==.E          |
[   17.387063] cloud-init[946]: |+*=B .           |
[   17.387478] cloud-init[946]: |+.* O .          |
[   17.387848] cloud-init[946]: | . = *   .. .    |
[   17.388684] cloud-init[946]: |    . . S.o=.    |
[   17.389041] cloud-init[946]: |      .oo ++.    |
[   17.389367] cloud-init[946]: |      oo +..o    |
[   17.389802] cloud-init[946]: |     ..+ o.o..   |
[   17.390275] cloud-init[946]: |      o.+....    |
[   17.390629] cloud-init[946]: +----[SHA256]-----+
[   17.391007] cloud-init[946]: Generating public/private ecdsa key pair.
[   17.391356] cloud-init[946]: Your identification has been saved in /etc/ssh/ssh_host_ecdsa_key.
[   17.391663] cloud-init[946]: Your public key has been saved in /etc/ssh/ssh_host_ecdsa_key.pub.
[   17.392008] cloud-init[946]: The key fingerprint is:
[   17.392820] cloud-init[946]: SHA256:JB5eJzLDsgcAzUBLfZgFzfVmOtbe2+upkQ/tdGt1Gjw root@ubuntu-xenial
[   17.393126] cloud-init[946]: The key's randomart image is:
[   17.393489] cloud-init[946]: +---[ECDSA 256]---+
[   17.393829] cloud-init[946]: |+Bo.B...         |
[   17.394268] cloud-init[946]: |. += =  .        |
[   17.394629] cloud-init[946]: | .  + B ++.      |
[   17.395034] cloud-init[946]: |     * O=o       |
[   17.395448] cloud-init[946]: |    . ++S.   .   |
[   17.395824] cloud-init[946]: |     .. o . o E o|
[   17.396730] cloud-init[946]: |         . = o =o|
[   17.397105] cloud-init[946]: |            O +..|
[   17.397493] cloud-init[946]: |           ooBo. |
[   17.397892] cloud-init[946]: +----[SHA256]-----+
[   17.398285] cloud-init[946]: Generating public/private ed25519 key pair.
[   17.398679] cloud-init[946]: Your identification has been saved in /etc/ssh/ssh_host_ed25519_key.
[   17.399079] cloud-init[946]: Your public key has been saved in /etc/ssh/ssh_host_ed25519_key.pub.
[   17.399479] cloud-init[946]: The key fingerprint is:
[   17.399951] cloud-init[946]: SHA256:SjBuKqK6kCjUUSaBEXUOYqKApW3GGFYYDZmHv09B3M8 root@ubuntu-xenial
[   17.401043] cloud-init[946]: The key's randomart image is:
[   17.401413] cloud-init[946]: +--[ED25519 256]--+
[   17.401819] cloud-init[946]: |=X/*o+.          |
[   17.402204] cloud-init[946]: |B%.oBo .         |
[   17.402648] cloud-init[946]: |+ B.+.  o        |
[   17.403028] cloud-init[946]: | o.o.+   E       |
[   17.403422] cloud-init[946]: | . .+ o S        |
[   17.403827] cloud-init[946]: |o. + o .         |
[   17.404698] cloud-init[946]: |B . o .          |
[   17.405080] cloud-init[946]: |=.   .           |
[   17.405644] cloud-init[946]: |=.               |
[   17.405906] cloud-init[946]: +----[SHA256]-----+
[[0;32m  OK  [0m] Started Initial cloud-init job (metadata service crawler).
[[0;32m  OK  [0m] Reached target Cloud-config availability.
[[0;32m  OK  [0m] Reached target Network is Online.
         Starting iSCSI initiator daemon (iscsid)...
[[0;32m  OK  [0m] Reached target System Initialization.
[[0;32m  OK  [0m] Started Ubuntu Advantage update messaging.
         Starting Socket activation for snappy daemon.
[[0;32m  OK  [0m] Listening on D-Bus System Message Bus Socket.
[[0;32m  OK  [0m] Listening on ACPID Listen Socket.
[[0;32m  OK  [0m] Started ACPI Events Check.
[[0;32m  OK  [0m] Reached target Paths.
[[0;32m  OK  [0m] Started Daily Cleanup of Temporary Directories.
[[0;32m  OK  [0m] Listening on UUID daemon activation socket.
[[0;32m  OK  [0m] Started Daily apt download activities.
[[0;32m  OK  [0m] Started Daily apt upgrade and clean activities.
         Starting LXD - unix socket.
[[0;32m  OK  [0m] Started Message of the Day.
[[0;32m  OK  [0m] Reached target Timers.
[[0;32m  OK  [0m] Listening on Socket activation for snappy daemon.
[[0;32m  OK  [0m] Listening on LXD - unix socket.
[[0;32m  OK  [0m] Reached target Sockets.
[[0;32m  OK  [0m] Reached target Basic System.
         Starting LSB: Record successful boot for GRUB...
         Starting Virtualbox guest utils...
[[0;32m  OK  [0m] Started Deferred execution scheduler.
         Starting /etc/rc.local Compatibility...
         Starting Accounts Service...
         Starting Snap Daemon...
[[0;32m  OK  [0m] Started ACPI event daemon.
         Starting Pollinate to seed the pseudo random number generator...
[[0;32m  OK  [0m] Started Regular background program processing daemon.
         Starting Login Service...
[[0;32m  OK  [0m] Started D-Bus System Message Bus.
[[0;32m  OK  [0m] Started FUSE filesystem for LXC.
         Starting System Logging Service...
         Starting LXD - container startup/shutdown...
         Starting LSB: MD monitoring daemon...
[[0;32m  OK  [0m] Started iSCSI initiator daemon (iscsid).
[[0;32m  OK  [0m] Started /etc/rc.local Compatibility.
[[0;32m  OK  [0m] Started Login Service.
[[0;32m  OK  [0m] Started Unattended Upgrades Shutdown.
         Starting Authenticate and Authorize Users to Run Privileged Tasks...
         Starting Login to default iSCSI targets...
[[0;32m  OK  [0m] Started System Logging Service.
[[0;32m  OK  [0m] Started LSB: Record successful boot for GRUB.
[[0;32m  OK  [0m] Started Login to default iSCSI targets.
[[0;32m  OK  [0m] Reached target Remote File Systems (Pre).
[[0;32m  OK  [0m] Reached target Remote File Systems.
         Starting Permit User Sessions...
         Starting LSB: daemon to balance interrupts for SMP systems...
         Starting LSB: automatic crash report generation...
         Starting LSB: Set the CPU Frequency Scaling governor to "ondemand"...
[[0;32m  OK  [0m] Started Permit User Sessions.
[[0;32m  OK  [0m] Started LSB: MD monitoring daemon.
[[0;32m  OK  [0m] Started Authenticate and Authorize Users to Run Privileged Tasks.
         Starting Hold until boot process finishes up...
         Starting Terminate Plymouth Boot Screen...
[[0;32m  OK  [0m] Started Hold until boot process finishes up.
[[0;32m  OK  [0m] Started Terminate Plymouth Boot Screen.
[[0;32m  OK  [0m] Started Accounts Service.
         Starting Set console scheme...
[[0;32m  OK  [0m] Started Getty on tty1.
[[0;32m  OK  [0m] Started Serial Getty on ttyS0.
[[0;32m  OK  [0m] Reached target Login Prompts.
[[0;32m  OK  [0m] Started LSB: daemon to balance interrupts for SMP systems.
[[0;32m  OK  [0m] Started LSB: automatic crash report generation.
[[0;32m  OK  [0m] Started LSB: Set the CPU Frequency Scaling governor to "ondemand".
[[0;32m  OK  [0m] Started Set console scheme.
[[0;32m  OK  [0m] Started LXD - container startup/shutdown.
[[0;32m  OK  [0m] Started Virtualbox guest utils.
[[0;32m  OK  [0m] Started Snap Daemon.
         Starting Wait until snapd is fully seeded...
[[0;32m  OK  [0m] Started Wait until snapd is fully seeded.
         Starting Apply the settings specified in cloud-config...
[[0;32m  OK  [0m] Started Pollinate to seed the pseudo random number generator.
         Starting OpenBSD Secure Shell server...
[[0;32m  OK  [0m] Started OpenBSD Secure Shell server.
[[0;32m  OK  [0m] Reached target Multi-User System.
[[0;32m  OK  [0m] Reached target Graphical Interface.
         Starting Update UTMP about System Runlevel Changes...
[[0;32m  OK  [0m] Started Update UTMP about System Runlevel Changes.
[[0;32m  OK  [0m] Created slice User Slice of vagrant.
         Starting User Manager for UID 1000...
[[0;32m  OK  [0m] Started Session 1 of user vagrant.
[[0;32m  OK  [0m] Started User Manager for UID 1000.
[   19.470217] cloud-init[1269]: Generating locales (this might take a while)...
[   20.781180] cloud-init[1269]:   en_US.UTF-8... done
[   20.785624] cloud-init[1269]: Generation complete.
[   21.208733] cloud-init[1269]: Cloud-init v. 21.1-19-gbad84ad4-0ubuntu1~16.04.2 running 'modules:config' at Mon, 13 Mar 2023 14:32:10 +0000. Up 19.34 seconds.
[[0;32m  OK  [0m] Started Apply the settings specified in cloud-config.
         Starting Execute cloud user/final scripts...
ci-info: no authorized SSH keys fingerprints found for user ubuntu.
<14>Mar 13 14:32:12 ec2: 
<14>Mar 13 14:32:12 ec2: #############################################################
<14>Mar 13 14:32:12 ec2: -----BEGIN SSH HOST KEY FINGERPRINTS-----
<14>Mar 13 14:32:12 ec2: 1024 SHA256:1nN6toZU8mg4stuPiWEBSyc8hGJxghG8nbTEFmiGXVM root@ubuntu-xenial (DSA)
<14>Mar 13 14:32:12 ec2: 256 SHA256:JB5eJzLDsgcAzUBLfZgFzfVmOtbe2+upkQ/tdGt1Gjw root@ubuntu-xenial (ECDSA)
<14>Mar 13 14:32:12 ec2: 256 SHA256:SjBuKqK6kCjUUSaBEXUOYqKApW3GGFYYDZmHv09B3M8 root@ubuntu-xenial (ED25519)
<14>Mar 13 14:32:12 ec2: 2048 SHA256:CvuNIDR6giMfnM3xZYohEAKIZnDmeTpHIYhB8BgeaRA root@ubuntu-xenial (RSA)
<14>Mar 13 14:32:12 ec2: -----END SSH HOST KEY FINGERPRINTS-----
<14>Mar 13 14:32:12 ec2: #############################################################
-----BEGIN SSH HOST KEY KEYS-----
ecdsa-sha2-nistp256 AAAAE2VjZHNhLXNoYTItbmlzdHAyNTYAAAAIbmlzdHAyNTYAAABBBIbhXzboKFQXj32BlTvxoRlMruUFV4zctOjSLj76CowV6KZ+7bnLVUO6IV1LoXDvw1yhqhkB6loouq/Am0N1v0g= root@ubuntu-xenial
ssh-ed25519 AAAAC3NzaC1lZDI1NTE5AAAAIF5eNNaDFZNXepBWw5s/+551HnVx6FLIZB3+o5ur45+A root@ubuntu-xenial
ssh-rsa AAAAB3NzaC1yc2EAAAADAQABAAABAQC4enuSE8lsCDucgfWVvlaa0hrvEzb/7rjaf6ZxCHCfcZseMUrlK0HNpejCp+BieVFsxnCa0TFWVst3tLhIjbvdOb8vcWdMfbBAn/xovoIAvy2jl3U7zeP8AKBsr5emhTiUZM5rVwOmxlh3QvbbDXEKZTNThEWOxLCsUrNHHGNI0VZciRiOyL7zPZ3dOtCgUKu8N5YYx8mIu2l/3CRXT7luflxPo6tAgk2OH14qkKB91/WIuVknz9/El9W22Hr6an/kN4zcx42JzD/ScePTz8XzxxsiwyxOF8vuPDPaHXKYzkGnuMEeym6EOufUWki/M/F+gzJabyt11i7vEIKi75Fd root@ubuntu-xenial
-----END SSH HOST KEY KEYS-----
[   21.744278] cloud-init[1479]: Cloud-init v. 21.1-19-gbad84ad4-0ubuntu1~16.04.2 running 'modules:final' at Mon, 13 Mar 2023 14:32:12 +0000. Up 21.52 seconds.
[   21.755091] cloud-init[1479]: ci-info: no authorized SSH keys fingerprints found for user ubuntu.
[   21.762887] cloud-init[1479]: Cloud-init v. 21.1-19-gbad84ad4-0ubuntu1~16.04.2 finished at Mon, 13 Mar 2023 14:32:12 +0000. Datasource DataSourceNoCloud [seed=/dev/sdb][dsmode=net].  Up 21.73 seconds
[[0;32m  OK  [0m] Started Execute cloud user/final scripts.
[[0;32m  OK  [0m] Reached target Cloud-init target.

Ubuntu 16.04.7 LTS ubuntu-xenial ttyS0

ubuntu-xenial login: 