[    0.000000] Initializing cgroup subsys cpuset
[    0.000000] Initializing cgroup subsys cpu
[    0.000000] Initializing cgroup subsys cpuacct
[    0.000000] Linux version 4.4.0-210-generic (buildd@lgw01-amd64-009) (gcc version 5.4.0 20160609 (Ubuntu 5.4.0-6ubuntu1~16.04.12) ) #242-Ubuntu SMP Fri Apr 16 09:57:56 UTC 2021 (Ubuntu 4.4.0-210.242-generic 4.4.262)
[    0.000000] Command line: BOOT_IMAGE=/boot/vmlinuz-4.4.0-210-generic root=LABEL=cloudimg-rootfs ro console=tty1 console=ttyS0
[    0.000000] KERNEL supported cpus:
[    0.000000]   Intel GenuineIntel
[    0.000000]   AMD AuthenticAMD
[    0.000000]   Centaur CentaurHauls
[    0.000000] x86/fpu: Legacy x87 FPU detected.
[    0.000000] e820: BIOS-provided physical RAM map:
[    0.000000] BIOS-e820: [mem 0x0000000000000000-0x000000000009fbff] usable
[    0.000000] BIOS-e820: [mem 0x000000000009fc00-0x000000000009ffff] reserved
[    0.000000] BIOS-e820: [mem 0x00000000000f0000-0x00000000000fffff] reserved
[    0.000000] BIOS-e820: [mem 0x0000000000100000-0x000000003ffeffff] usable
[    0.000000] BIOS-e820: [mem 0x000000003fff0000-0x000000003fffffff] ACPI data
[    0.000000] BIOS-e820: [mem 0x00000000fec00000-0x00000000fec00fff] reserved
[    0.000000] BIOS-e820: [mem 0x00000000fee00000-0x00000000fee00fff] reserved
[    0.000000] BIOS-e820: [mem 0x00000000fffc0000-0x00000000ffffffff] reserved
[    0.000000] NX (Execute Disable) protection: active
[    0.000000] SMBIOS 2.5 present.
[    0.000000] Hypervisor detected: KVM
[    0.000000] Kernel/User page tables isolation: disabled
[    0.000000] e820: last_pfn = 0x3fff0 max_arch_pfn = 0x400000000
[    0.000000] MTRR: Disabled
[    0.000000] x86/PAT: MTRRs disabled, skipping PAT initialization too.
[    0.000000] CPU MTRRs all blank - virtualized system.
[    0.000000] x86/PAT: Configuration [0-7]: WB  WT  UC- UC  WB  WT  UC- UC  
[    0.000000] found SMP MP-table at [mem 0x0009fff0-0x0009ffff] mapped at [ffff88000009fff0]
[    0.000000] Scanning 1 areas for low memory corruption
[    0.000000] RAMDISK: [mem 0x362dc000-0x37165fff]
[    0.000000] ACPI: Early table checksum verification disabled
[    0.000000] ACPI: RSDP 0x00000000000E0000 000024 (v02 VBOX  )
[    0.000000] ACPI: XSDT 0x000000003FFF0030 00003C (v01 VBOX   VBOXXSDT 00000001 ASL  00000061)
[    0.000000] ACPI: FACP 0x000000003FFF00F0 0000F4 (v04 VBOX   VBOXFACP 00000001 ASL  00000061)
[    0.000000] ACPI: DSDT 0x000000003FFF0610 002353 (v02 VBOX   VBOXBIOS 00000002 INTL 20100528)
[    0.000000] ACPI: FACS 0x000000003FFF0200 000040
[    0.000000] ACPI: FACS 0x000000003FFF0200 000040
[    0.000000] ACPI: APIC 0x000000003FFF0240 00005C (v02 VBOX   VBOXAPIC 00000001 ASL  00000061)
[    0.000000] ACPI: SSDT 0x000000003FFF02A0 00036C (v01 VBOX   VBOXCPUT 00000002 INTL 20100528)
[    0.000000] No NUMA configuration found
[    0.000000] Faking a node at [mem 0x0000000000000000-0x000000003ffeffff]
[    0.000000] NODE_DATA(0) allocated [mem 0x3ffeb000-0x3ffeffff]
[    0.000000] kvm-clock: Using msrs 4b564d01 and 4b564d00
[    0.000000] kvm-clock: cpu 0, msr 0:3ffe3001, primary cpu clock
[    0.000000] kvm-clock: using sched offset of 3375655531 cycles
[    0.000000] clocksource: kvm-clock: mask: 0xffffffffffffffff max_cycles: 0x1cd42e4dffb, max_idle_ns: 881590591483 ns
[    0.000000] Zone ranges:
[    0.000000]   DMA      [mem 0x0000000000001000-0x0000000000ffffff]
[    0.000000]   DMA32    [mem 0x0000000001000000-0x000000003ffeffff]
[    0.000000]   Normal   empty
[    0.000000]   Device   empty
[    0.000000] Movable zone start for each node
[    0.000000] Early memory node ranges
[    0.000000]   node   0: [mem 0x0000000000001000-0x000000000009efff]
[    0.000000]   node   0: [mem 0x0000000000100000-0x000000003ffeffff]
[    0.000000] Initmem setup node 0 [mem 0x0000000000001000-0x000000003ffeffff]
[    0.000000] ACPI: PM-Timer IO Port: 0x4008
[    0.000000] IOAPIC[0]: apic_id 2, version 32, address 0xfec00000, GSI 0-23
[    0.000000] ACPI: INT_SRC_OVR (bus 0 bus_irq 0 global_irq 2 dfl dfl)
[    0.000000] ACPI: INT_SRC_OVR (bus 0 bus_irq 9 global_irq 9 low level)
[    0.000000] Using ACPI (MADT) for SMP configuration information
[    0.000000] smpboot: Allowing 2 CPUs, 0 hotplug CPUs
[    0.000000] PM: Registered nosave memory: [mem 0x00000000-0x00000fff]
[    0.000000] PM: Registered nosave memory: [mem 0x0009f000-0x0009ffff]
[    0.000000] PM: Registered nosave memory: [mem 0x000a0000-0x000effff]
[    0.000000] PM: Registered nosave memory: [mem 0x000f0000-0x000fffff]
[    0.000000] e820: [mem 0x40000000-0xfebfffff] available for PCI devices
[    0.000000] Booting paravirtualized kernel on KVM
[    0.000000] clocksource: refined-jiffies: mask: 0xffffffff max_cycles: 0xffffffff, max_idle_ns: 7645519600211568 ns
[    0.000000] setup_percpu: NR_CPUS:512 nr_cpumask_bits:512 nr_cpu_ids:2 nr_node_ids:1
[    0.000000] PERCPU: Embedded 33 pages/cpu @ffff88003fc00000 s95192 r8192 d31784 u1048576
[    0.000000] Built 1 zonelists in Node order, mobility grouping on.  Total pages: 257912
[    0.000000] Policy zone: DMA32
[    0.000000] Kernel command line: BOOT_IMAGE=/boot/vmlinuz-4.4.0-210-generic root=LABEL=cloudimg-rootfs ro console=tty1 console=ttyS0
[    0.000000] PID hash table entries: 4096 (order: 3, 32768 bytes)
[    0.000000] Memory: 997792K/1048120K available (8644K kernel code, 1332K rwdata, 4044K rodata, 1492K init, 1164K bss, 50328K reserved, 0K cma-reserved)
[    0.000000] SLUB: HWalign=64, Order=0-3, MinObjects=0, CPUs=2, Nodes=1
[    0.000000] Hierarchical RCU implementation.
[    0.000000] 	Build-time adjustment of leaf fanout to 64.
[    0.000000] 	RCU restricting CPUs from NR_CPUS=512 to nr_cpu_ids=2.
[    0.000000] RCU: Adjusting geometry for rcu_fanout_leaf=64, nr_cpu_ids=2
[    0.000000] NR_IRQS:33024 nr_irqs:440 16
[    0.000000] Console: colour VGA+ 80x25
[    0.000000] console [tty1] enabled
[    0.000000] console [ttyS0] enabled
[    0.000000] tsc: Detected 2112.004 MHz processor
[    0.473575] Calibrating delay loop (skipped) preset value.. 4224.00 BogoMIPS (lpj=8448016)
[    0.482120] pid_max: default: 32768 minimum: 301
[    0.485552] ACPI: Core revision 20150930
[    0.491403] ACPI: 2 ACPI AML tables successfully acquired and loaded
[    0.497505] Security Framework initialized
[    0.501479] Yama: becoming mindful.
[    0.504914] AppArmor: AppArmor initialized
[    0.508486] Dentry cache hash table entries: 131072 (order: 8, 1048576 bytes)
[    0.517749] Inode-cache hash table entries: 65536 (order: 7, 524288 bytes)
[    0.526608] Mount-cache hash table entries: 2048 (order: 2, 16384 bytes)
[    0.531730] Mountpoint-cache hash table entries: 2048 (order: 2, 16384 bytes)
[    0.538027] Initializing cgroup subsys io
[    0.542163] Initializing cgroup subsys memory
[    0.547124] Initializing cgroup subsys devices
[    0.550658] Initializing cgroup subsys freezer
[    0.554055] Initializing cgroup subsys net_cls
[    0.559262] Initializing cgroup subsys perf_event
[    0.562977] Initializing cgroup subsys net_prio
[    0.566603] Initializing cgroup subsys hugetlb
[    0.570142] Initializing cgroup subsys pids
[    0.586664] mce: CPU supports 0 MCE banks
[    0.590561] Last level iTLB entries: 4KB 64, 2MB 8, 4MB 8
[    0.594707] Last level dTLB entries: 4KB 64, 2MB 0, 4MB 0, 1GB 4
[    0.599391] Spectre V1 : Mitigation: usercopy/swapgs barriers and __user pointer sanitization
[    0.605746] Spectre V2 : Mitigation: Enhanced IBRS
[    0.610332] Spectre V2 : Spectre v2 / SpectreRSB mitigation: Filling RSB on context switch
[    0.620105] Speculative Store Bypass: Vulnerable
[    0.623723] SRBDS: Mitigation: TSX disabled
[    0.658312] Freeing SMP alternatives memory: 36K
[    0.728213] ftrace: allocating 32380 entries in 127 pages
[    1.193743] smpboot: APIC(0) Converting physical 0 to logical package 0
[    1.202923] smpboot: Max logical packages: 1
[    1.218158] ..TIMER: vector=0x30 apic1=0 pin1=2 apic2=-1 pin2=-1
[    1.331223] smpboot: CPU0: Intel(R) Core(TM) i5-10210U CPU @ 1.60GHz (family: 0x6, model: 0x8e, stepping: 0xc)
[    1.339817] Performance Events: unsupported p6 CPU model 142 no PMU driver, software events only.
[    1.419027] KVM setup paravirtual spinlock
[    1.424634] x86: Booting SMP configuration:
[    1.428242] .... node  #0, CPUs:      #1
[    1.432480] kvm-clock: cpu 1, msr 0:3ffe3041, secondary cpu clock
[    1.449123] mce: CPU supports 0 MCE banks
[    1.453327] TSC synchronization [CPU#0 -> CPU#1]:
[    1.457049] Measured 94043 cycles TSC warp between CPUs, turning off TSC clock.
[    1.462367] tsc: Marking TSC unstable due to check_tsc_sync_source failed
[    0.490110] x86: Booted up 1 node, 2 CPUs
[    0.492002] smpboot: Total of 2 processors activated (8448.01 BogoMIPS)
[    0.500494] devtmpfs: initialized
[    0.505789] evm: security.selinux
[    0.508003] evm: security.SMACK64
[    0.510452] evm: security.SMACK64EXEC
[    0.512001] evm: security.SMACK64TRANSMUTE
[    0.516002] evm: security.SMACK64MMAP
[    0.520001] evm: security.ima
[    0.522244] evm: security.capability
[    0.524254] clocksource: jiffies: mask: 0xffffffff max_cycles: 0xffffffff, max_idle_ns: 7645041785100000 ns
[    0.528110] futex hash table entries: 512 (order: 3, 32768 bytes)
[    0.532293] pinctrl core: initialized pinctrl subsystem
[    0.536331] RTC time: 18:45:46, date: 02/26/23
[    0.541013] NET: Registered protocol family 16
[    0.556004] cpuidle: using governor ladder
[    0.568004] cpuidle: using governor menu
[    0.571431] PCCT header not found.
[    0.572224] ACPI: bus type PCI registered
[    0.576003] acpiphp: ACPI Hot Plug PCI Controller Driver version: 0.5
[    0.580378] PCI: Using configuration type 1 for base access
[    0.608789] ACPI: Added _OSI(Module Device)
[    0.612003] ACPI: Added _OSI(Processor Device)
[    0.616002] ACPI: Added _OSI(3.0 _SCP Extensions)
[    0.620002] ACPI: Added _OSI(Processor Aggregator Device)
[    0.625041] ACPI: Executed 1 blocks of module-level executable AML code
[    0.636064] ACPI: Interpreter enabled
[    0.638735] ACPI: (supports S0 S5)
[    0.640002] ACPI: Using IOAPIC for interrupt routing
[    0.644271] PCI: Using host bridge windows from ACPI; if necessary, use "pci=nocrs" and report a bug
[    0.656701] ACPI: PCI Root Bridge [PCI0] (domain 0000 [bus 00-ff])
[    0.660005] acpi PNP0A03:00: _OSC: OS supports [ASPM ClockPM Segments MSI]
[    0.668330] acpi PNP0A03:00: _OSC: not requesting OS control; OS requires [ExtendedConfig ASPM ClockPM MSI]
[    0.672009] acpi PNP0A03:00: fail to add MMCONFIG information, can't access extended PCI configuration space under this bridge.
[    0.680592] PCI host bridge to bus 0000:00
[    0.683609] pci_bus 0000:00: root bus resource [io  0x0000-0x0cf7 window]
[    0.684006] pci_bus 0000:00: root bus resource [io  0x0d00-0xffff window]
[    0.688004] pci_bus 0000:00: root bus resource [mem 0x000a0000-0x000bffff window]
[    0.692005] pci_bus 0000:00: root bus resource [mem 0x40000000-0xfdffffff window]
[    0.696005] pci_bus 0000:00: root bus resource [bus 00-ff]
[    0.707139] pci 0000:00:01.1: legacy IDE quirk: reg 0x10: [io  0x01f0-0x01f7]
[    0.708002] pci 0000:00:01.1: legacy IDE quirk: reg 0x14: [io  0x03f6]
[    0.712003] pci 0000:00:01.1: legacy IDE quirk: reg 0x18: [io  0x0170-0x0177]
[    0.716003] pci 0000:00:01.1: legacy IDE quirk: reg 0x1c: [io  0x0376]
[    0.740517] pci 0000:00:07.0: quirk: [io  0x4000-0x403f] claimed by PIIX4 ACPI
[    0.744031] pci 0000:00:07.0: quirk: [io  0x4100-0x410f] claimed by PIIX4 SMB
[    0.756698] ACPI: PCI Interrupt Link [LNKA] (IRQs 5 9 10 *11)
[    0.768386] ACPI: PCI Interrupt Link [LNKB] (IRQs 5 9 *10 11)
[    0.774571] ACPI: PCI Interrupt Link [LNKC] (IRQs 5 *9 10 11)
[    0.780934] ACPI: PCI Interrupt Link [LNKD] (IRQs 5 9 10 *11)
[    0.786774] ACPI: Enabled 2 GPEs in block 00 to 07
[    0.792038] vgaarb: setting as boot device: PCI:0000:00:02.0
[    0.796000] vgaarb: device added: PCI:0000:00:02.0,decodes=io+mem,owns=io+mem,locks=none
[    0.796003] vgaarb: loaded
[    0.800002] vgaarb: bridge control possible 0000:00:02.0
[    0.804295] SCSI subsystem initialized
[    0.808256] ACPI: bus type USB registered
[    0.811234] usbcore: registered new interface driver usbfs
[    0.812023] usbcore: registered new interface driver hub
[    0.816008] usbcore: registered new device driver usb
[    0.824187] PCI: Using ACPI for IRQ routing
[    0.828556] NetLabel: Initializing
[    0.831109] NetLabel:  domain hash size = 128
[    0.832001] NetLabel:  protocols = UNLABELED CIPSOv4
[    0.836011] NetLabel:  unlabeled traffic allowed by default
[    0.840126] amd_nb: Cannot enumerate AMD northbridges
[    0.844261] clocksource: Switched to clocksource kvm-clock
[    0.852247] AppArmor: AppArmor Filesystem Enabled
[    0.852247] pnp: PnP ACPI init
[    0.852247] pnp: PnP ACPI: found 3 devices
[    0.918269] clocksource: acpi_pm: mask: 0xffffff max_cycles: 0xffffff, max_idle_ns: 2085701024 ns
[    0.920482] NET: Registered protocol family 2
[    0.929170] TCP established hash table entries: 8192 (order: 4, 65536 bytes)
[    0.934382] TCP bind hash table entries: 8192 (order: 5, 131072 bytes)
[    0.938188] TCP: Hash tables configured (established 8192 bind 8192)
[    0.938188] UDP hash table entries: 512 (order: 2, 16384 bytes)
[    0.938188] UDP-Lite hash table entries: 512 (order: 2, 16384 bytes)
[    0.938188] NET: Registered protocol family 1
[    0.938188] pci 0000:00:00.0: Limiting direct PCI/PCI transfers
[    0.938188] pci 0000:00:01.0: Activating ISA DMA hang workarounds
[    0.938188] Unpacking initramfs...
[    0.938188] Freeing initrd memory: 14888K
[    0.938188] clocksource: tsc: mask: 0xffffffffffffffff max_cycles: 0x1e717c37157, max_idle_ns: 440795284133 ns
[    0.938188] platform rtc_cmos: registered platform RTC device (no PNP device found)
[    0.938188] Scanning for low memory corruption every 60 seconds
[    1.280756] audit: initializing netlink subsys (disabled)
[    1.285020] audit: type=2000 audit(1677437151.524:1): initialized
[    1.289854] Initialise system trusted keyring
[    1.295802] HugeTLB registered 2 MB page size, pre-allocated 0 pages
[    1.302310] zbud: loaded
[    1.305265] VFS: Disk quotas dquot_6.6.0
[    1.308305] VFS: Dquot-cache hash table entries: 512 (order 0, 4096 bytes)
[    1.313587] squashfs: version 4.0 (2009/01/31) Phillip Lougher
[    1.320076] fuse init (API version 7.23)
[    1.323778] Key type big_key registered
[    1.326633] Allocating IMA MOK and blacklist keyrings.
[    1.345615] Key type asymmetric registered
[    1.348706] Asymmetric key parser 'x509' registered
[    1.352433] Block layer SCSI generic (bsg) driver version 0.4 loaded (major 249)
[    1.358385] io scheduler noop registered
[    1.361629] io scheduler deadline registered (default)
[    1.365544] io scheduler cfq registered
[    1.368915] pci_hotplug: PCI Hot Plug PCI Core version: 0.5
[    1.373007] pciehp: PCI Express Hot Plug Controller Driver version: 0.4
[    1.377920] ACPI: AC Adapter [AC] (on-line)
[    1.381439] input: Power Button as /devices/LNXSYSTM:00/LNXPWRBN:00/input/input0
[    1.387500] ACPI: Power Button [PWRF]
[    1.390628] input: Sleep Button as /devices/LNXSYSTM:00/LNXSLPBN:00/input/input1
[    1.396117] ACPI: Sleep Button [SLPF]
[    1.399701] GHES: HEST is not enabled!
[    1.401137] ACPI: Battery Slot [BAT0] (battery present)
[    1.407329] Serial: 8250/16550 driver, 32 ports, IRQ sharing enabled
[    1.437202] 00:02: ttyS0 at I/O 0x3f8 (irq = 4, base_baud = 115200) is a 16550A
[    1.458695] Linux agpgart interface v0.103
[    1.473937] loop: module loaded
[    1.479251] scsi host0: ata_piix
[    1.483567] scsi host1: ata_piix
[    1.486014] ata1: PATA max UDMA/33 cmd 0x1f0 ctl 0x3f6 bmdma 0xd000 irq 14
[    1.487531] ata2: PATA max UDMA/33 cmd 0x170 ctl 0x376 bmdma 0xd008 irq 15
[    1.496249] libphy: Fixed MDIO Bus: probed
[    1.499598] tun: Universal TUN/TAP device driver, 1.6
[    1.503391] tun: (C) 1999-2004 Max Krasnyansky <maxk@qualcomm.com>
[    1.508309] PPP generic driver version 2.4.2
[    1.512153] ehci_hcd: USB 2.0 'Enhanced' Host Controller (EHCI) Driver
[    1.516864] ehci-pci: EHCI PCI platform driver
[    1.520230] ehci-platform: EHCI generic platform driver
[    1.524141] ohci_hcd: USB 1.1 'Open' Host Controller (OHCI) Driver
[    1.528876] ohci-pci: OHCI PCI platform driver
[    1.532057] ohci-platform: OHCI generic platform driver
[    1.536050] uhci_hcd: USB Universal Host Controller Interface driver
[    1.540736] i8042: PNP: PS/2 Controller [PNP0303:PS2K,PNP0f03:PS2M] at 0x60,0x64 irq 1,12
[    1.549765] serio: i8042 KBD port at 0x60,0x64 irq 1
[    1.553433] serio: i8042 AUX port at 0x60,0x64 irq 12
[    1.558163] mousedev: PS/2 mouse device common for all mice
[    1.566240] rtc_cmos rtc_cmos: rtc core: registered rtc_cmos as rtc0
[    1.571130] input: AT Translated Set 2 keyboard as /devices/platform/i8042/serio0/input/input2
[    1.576808] rtc_cmos rtc_cmos: alarms up to one day, 114 bytes nvram
[    1.576817] i2c /dev entries driver
[    1.576896] device-mapper: uevent: version 1.0.3
[    1.576972] device-mapper: ioctl: 4.34.0-ioctl (2015-10-28) initialised: dm-devel@redhat.com
[    1.576989] ledtrig-cpu: registered to indicate activity on CPUs
[    1.577361] NET: Registered protocol family 10
[    1.577612] NET: Registered protocol family 17
[    1.577624] Key type dns_resolver registered
[    1.577918] registered taskstats version 1
[    1.577927] Loading compiled-in X.509 certificates
[    1.578373] Loaded X.509 cert 'Build time autogenerated kernel key: cf00e047681d67edb2720680708b7d9498083038'
[    1.578386] zswap: loaded using pool lzo/zbud
[    1.580014] Key type trusted registered
[    1.582553] Key type encrypted registered
[    1.582557] AppArmor: AppArmor sha1 policy hashing enabled
[    1.582559] ima: No TPM chip found, activating TPM-bypass!
[    1.582581] ima: Allocated hash algorithm: sha1
[    1.582621] evm: HMAC attrs: 0x1
[    1.583114]   Magic number: 11:76:798
[    1.585149] rtc_cmos rtc_cmos: setting system clock to 2023-02-26 18:45:47 UTC (1677437147)
[    1.585208] BIOS EDD facility v0.16 2004-Jun-25, 0 devices found
[    1.585208] EDD information not available.
[    1.702966] Freeing unused kernel memory: 1492K
[    1.720645] Write protecting the kernel read-only data: 14336k
[    1.727252] Freeing unused kernel memory: 1584K
[    1.731038] Freeing unused kernel memory: 52K
Loading, please wait...
starting version 229
[    1.759258] random: systemd-udevd: uninitialized urandom read (16 bytes read, 9 bits of entropy available)
[    1.760501] random: udevadm: uninitialized urandom read (16 bytes read, 9 bits of entropy available)
[    1.760523] random: udevadm: uninitialized urandom read (16 bytes read, 9 bits of entropy available)
[    1.768938] random: udevadm: uninitialized urandom read (16 bytes read, 9 bits of entropy available)
[    1.768974] random: udevadm: uninitialized urandom read (16 bytes read, 9 bits of entropy available)
[    1.769101] random: udevadm: uninitialized urandom read (16 bytes read, 9 bits of entropy available)
[    1.769140] random: udevadm: uninitialized urandom read (16 bytes read, 9 bits of entropy available)
[    1.769202] random: udevadm: uninitialized urandom read (16 bytes read, 9 bits of entropy available)
[    1.769279] random: udevadm: uninitialized urandom read (16 bytes read, 9 bits of entropy available)
[    1.769315] random: udevadm: uninitialized urandom read (16 bytes read, 9 bits of entropy available)
[    1.872675] e1000: Intel(R) PRO/1000 Network Driver - version 7.3.21-k8-NAPI
[    1.876068] e1000: Copyright (c) 1999-2006 Intel Corporation.
[    1.904617] Fusion MPT base driver 3.04.20
[    1.908344] Copyright (c) 1999-2008 LSI Corporation
[    1.931213] SSE version of gcm_enc/dec engaged.
[    1.969127] Fusion MPT SPI Host driver 3.04.20
[    2.176784] input: ImExPS/2 Generic Explorer Mouse as /devices/platform/i8042/serio1/input/input4
[    2.556333] e1000 0000:00:03.0 eth0: (PCI:33MHz:32-bit) 02:be:82:6b:cc:1d
[    2.564315] e1000 0000:00:03.0 eth0: Intel(R) PRO/1000 Network Connection
[    2.571806] mptbase: ioc0: Initiating bringup
[    2.576933] e1000 0000:00:03.0 enp0s3: renamed from eth0
[    2.653569] ioc0: LSI53C1030 A0: Capabilities={Initiator}
[    2.835295] scsi host2: ioc0: LSI53C1030 A0, FwRev=00000000h, Ports=1, MaxQ=256, IRQ=20
[    2.956276] scsi 2:0:0:0: Direct-Access     VBOX     HARDDISK         1.0  PQ: 0 ANSI: 5
[    2.964147] scsi target2:0:0: Beginning Domain Validation
[    2.976509] scsi target2:0:0: Domain Validation skipping write tests
[    2.980441] scsi target2:0:0: Ending Domain Validation
[    2.985193] scsi target2:0:0: asynchronous
[    2.991639] scsi 2:0:1:0: Direct-Access     VBOX     HARDDISK         1.0  PQ: 0 ANSI: 5
[    2.995567] scsi target2:0:1: Beginning Domain Validation
[    3.010018] scsi target2:0:1: Domain Validation skipping write tests
[    3.013951] scsi target2:0:1: Ending Domain Validation
[    3.018729] scsi target2:0:1: asynchronous
[    3.048384] sd 2:0:0:0: Attached scsi generic sg0 type 0
[    3.049063] sd 2:0:0:0: [sda] 83886080 512-byte logical blocks: (42.9 GB/40.0 GiB)
[    3.049905] sd 2:0:0:0: [sda] Write Protect is off
[    3.050325] sd 2:0:0:0: [sda] Incomplete mode parameter data
[    3.050326] sd 2:0:0:0: [sda] Assuming drive cache: write through
[    3.053245]  sda: sda1
[    3.055287] sd 2:0:0:0: [sda] Attached SCSI disk
[    3.081944] sd 2:0:1:0: Attached scsi generic sg1 type 0
[    3.082383] sd 2:0:1:0: [sdb] 20480 512-byte logical blocks: (10.5 MB/10.0 MiB)
[    3.083105] sd 2:0:1:0: [sdb] Write Protect is off
[    3.083663] sd 2:0:1:0: [sdb] Incomplete mode parameter data
[    3.083663] sd 2:0:1:0: [sdb] Assuming drive cache: write through
[    3.089329] sd 2:0:1:0: [sdb] Attached SCSI disk
Begin: Loading essential drivers ... [    4.777432] md: linear personality registered for level -1
[    4.787305] md: multipath personality registered for level -4
[    4.795236] md: raid0 personality registered for level 0
[    4.812964] md: raid1 personality registered for level 1
[    5.631527] raid6: sse2x1   gen() 140881 MB/s
[    7.634980] raid6: sse2x1   xor() 121572 MB/s
[    9.638025] raid6: sse2x2   gen() 250517 MB/s
[    9.715383] raid6: sse2x2   xor() 10295 MB/s
[    9.791260] raid6: sse2x4   gen() 17165 MB/s
[    9.865632] raid6: sse2x4   xor() 10265 MB/s
[    9.869361] raid6: using algorithm sse2x2 gen() 250517 MB/s
[    9.873749] raid6: .... xor() 10295 MB/s, rmw enabled
[    9.878040] raid6: using ssse3x2 recovery algorithm
[    9.884171] xor: measuring software checksum speed
[    9.924783]    prefetch64-sse: 26035.000 MB/sec
[    9.968157]    generic_sse: 22042.000 MB/sec
[    9.971895] xor: using function: prefetch64-sse (26035.000 MB/sec)
[    9.980484] async_tx: api initialized (async)
[   10.020361] md: raid6 personality registered for level 6
[   10.025313] md: raid5 personality registered for level 5
[   10.029292] md: raid4 personality registered for level 4
[   10.049002] md: raid10 personality registered for level 10
done.
Begin: Running /scripts/init-premount ... done.
Begin: Mounting root file system ... Begin: Running /scripts/local-top ... done.
Begin: Running /scripts/local-premount ... [   10.119429] Btrfs loaded
Scanning for Btrfs filesystems
done.
Warning: fsck not present, so skipping root file system
[   10.171399] EXT4-fs (sda1): mounted filesystem with ordered data mode. Opts: (null)
done.
Begin: Running /scripts/local-bottom ... done.
Begin: Running /scripts/init-bottom ... done.
[   10.327917] systemd[1]: systemd 229 running in system mode. (+PAM +AUDIT +SELINUX +IMA +APPARMOR +SMACK +SYSVINIT +UTMP +LIBCRYPTSETUP +GCRYPT +GNUTLS +ACL +XZ -LZ4 +SECCOMP +BLKID +ELFUTILS +KMOD -IDN)
[   10.341015] systemd[1]: Detected virtualization oracle.
[   10.345393] systemd[1]: Detected architecture x86-64.

Welcome to [1mUbuntu 16.04.7 LTS[0m!

[   10.358051] systemd[1]: Set hostname to <ubuntu>.
[   10.367445] systemd[1]: Initializing machine ID from random generator.
[   10.372554] systemd[1]: Installed transient /etc/machine-id file.
[   10.532794] systemd[1]: Created slice System Slice.
[[0;32m  OK  [0m] Created slice System Slice.
[   10.541378] systemd[1]: Listening on Journal Audit Socket.
[[0;32m  OK  [0m] Listening on Journal Audit Socket.
[   10.550508] systemd[1]: Listening on fsck to fsckd communication Socket.
[[0;32m  OK  [0m] Listening on fsck to fsckd communication Socket.
[   10.560466] systemd[1]: Listening on udev Kernel Socket.
[[0;32m  OK  [0m] Listening on udev Kernel Socket.
[   10.569276] systemd[1]: Listening on Device-mapper event daemon FIFOs.
[[0;32m  OK  [0m] Listening on Device-mapper event daemon FIFOs.
[   10.579025] systemd[1]: Listening on Journal Socket.
[[0;32m  OK  [0m] Listening on Journal Socket.
[   10.600377] systemd[1]: Mounting Huge Pages File System...
         Mounting Huge Pages File System...
[   10.611758] systemd[1]: Starting Set console keymap...
         Starting Set console keymap...
[   10.621264] systemd[1]: Reached target Encrypted Volumes.
[[0;32m  OK  [0m] Reached target Encrypted Volumes.
[   10.631788] systemd[1]: Reached target User and Group Name Lookups.
[[0;32m  OK  [0m] Reached target User and Group Name Lookups.
[   10.642413] systemd[1]: Started Trigger resolvconf update for networkd DNS.
[[0;32m  OK  [0m] Started Trigger resolvconf update for networkd DNS.
[   10.653232] systemd[1]: Set up automount Arbitrary Executable File Formats File System Automount Point.
[[0;32m  OK  [0m] Set up automount Arbitrary Executab...ats File System Automount Point.
[   10.666630] systemd[1]: Created slice system-serial\x2dgetty.slice.
[[0;32m  OK  [0m] Created slice system-serial\x2dgetty.slice.
[   10.688631] systemd[1]: Starting File System Check on Root Device...
         Starting File System Check on Root Device...
[   10.699464] systemd[1]: Listening on LVM2 poll daemon socket.
[[0;32m  OK  [0m] Listening on LVM2 poll daemon socket.
[   10.712376] systemd[1]: Listening on Journal Socket (/dev/log).
[[0;32m  OK  [0m] Listening on Journal Socket (/dev/log).
[   10.724822] systemd[1]: Starting Load Kernel Modules...
         Starting Load Kernel Modules...[   10.732070] random: nonblocking pool is initialized

[   10.741079] systemd[1]: Starting Uncomplicated firewall...
         Starting Uncomplicated firewall...
[   10.750537] Loading iSCSI transport class v2.0-870.
[   10.753237] systemd[1]: Listening on Syslog Socket.
[[0;32m  OK  [0m] Listening on Syslog Socket.
[   10.765450] systemd[1]: Listening on udev Control Socket.
[[0;32m  OK  [0m] Listening on udev Control Socket.
[   10.776309] systemd[1]: Reached target System Time Synchronized.
[   10.781510] iscsi: registered transport (tcp)
[[0;32m  OK  [0m] Reached target System Time Synchronized.
[   10.804421] systemd[1]: Starting Nameserver information manager...
         Starting Nameserver information manager...
[   10.817231] systemd[1]: Mounting POSIX Message Queue File System...
         Mounting POSIX Message Queue File System...
[   10.830528] systemd[1]: Started Forward Password Requests to Wall Directory Watch.
[[0;32m  OK  [0m] Started Forward Password Requests to Wall Directory Watch.
[   10.845157] systemd[1]: Listening on /dev/initctl Compatibility Named Pipe.
[[0;32m  OK  [0m] Listening on /dev/initctl Compatibility Named Pipe.
[   10.867114] iscsi: registered transport (iser)
[   10.872437] systemd[1]: Starting Journal Service...
         Starting Journal Service...
[   10.883335] systemd[1]: Listening on LVM2 metadata daemon socket.
[[0;32m  OK  [0m] Listening on LVM2 metadata daemon socket.
[   10.897840] systemd[1]: Starting Monitoring of LVM2 mirrors, snapshots etc. using dmeventd or progress polling...
         Starting Monitoring of LVM2 mirrors... dmeventd or progress polling...
[   10.915743] systemd[1]: Created slice User and Session Slice.
[[0;32m  OK  [0m] Created slice User and Session Slice.
[   10.932816] systemd[1]: Reached target Slices.
[[0;32m  OK  [0m] Reached target Slices.
[   10.952470] systemd[1]: Starting Create list of required static device nodes for the current kernel...
         Starting Create list of required st... nodes for the current kernel...
[   10.966700] systemd[1]: Mounting Debug File System...
         Mounting Debug File System...
[   10.974542] systemd[1]: Reached target Swap.
[[0;32m  OK  [0m] Reached target Swap.
[   10.985197] systemd[1]: Mounted Huge Pages File System.
[[0;32m  OK  [0m] Mounted Huge Pages File System.
[   10.995038] systemd[1]: Mounted POSIX Message Queue File System.
[[0;32m  OK  [0m] Mounted POSIX Message Queue File System.
[   11.005020] systemd[1]: Mounted Debug File System.
[[0;32m  OK  [0m] Mounted Debug File System.
[   11.013500] systemd[1]: Started Journal Service.
[[0;32m  OK  [0m] Started Journal Service.
[[0;32m  OK  [0m] Started Set console keymap.
[[0;32m  OK  [0m] Started File System Check on Root Device.
[[0;32m  OK  [0m] Started Load Kernel Modules.
[[0;32m  OK  [0m] Started Uncomplicated firewall.
[[0;32m  OK  [0m] Started Create list of required sta...ce nodes for the current kernel.
[[0;32m  OK  [0m] Started Nameserver information manager.
[[0;32m  OK  [0m] Started File System Check Daemon to report status.
[[0;32m  OK  [0m] Started LVM2 metadata daemon.
         Starting Create Static Device Nodes in /dev...
         Mounting FUSE Control File System...
         Starting Apply Kernel Variables...
         Starting Remount Root and Kernel File Systems...
[[0;32m  OK  [0m] Mounted FUSE Control File System.
[[0;32m  OK  [0m] Started Create Static Device Nodes in /dev.
[[0;32m  OK  [0m] Started Apply Kernel Variables.
[[0;32m  OK  [0m] Started Remount Root and Kernel File Systems.
         Starting udev Coldplug all Devices...
         Starting Load/Save Random Seed...
         Starting Flush Journal to Persistent Storage...
         Starting udev Kernel Device Manager...
[[0;32m  OK  [0m] Started Load/Save Random Seed.
[[0;32m  OK  [0m] Started Flush Journal to Persistent Storage.
[[0;32m  OK  [0m] Started Monitoring of LVM2 mirrors,...ng dmeventd or progress polling.
[[0;32m  OK  [0m] Started udev Kernel Device Manager.
[[0;32m  OK  [0m] Reached target Local File Systems (Pre).
[[0;32m  OK  [0m] Reached target Local File Systems.
         Starting Initial cloud-init job (pre-networking)...
         Starting Set console font and keymap...
         Starting Tell Plymouth To Write Out Runtime Data...
         Starting Commit a transient machine-id on disk...
         Starting LSB: AppArmor initialization...
         Starting Create Volatile Files and Directories...
[[0;32m  OK  [0m] Started udev Coldplug all Devices.
[[0;32m  OK  [0m] Started Tell Plymouth To Write Out Runtime Data.
[[0;32m  OK  [0m] Started Commit a transient machine-id on disk.
[[0;32m  OK  [0m] Started Create Volatile Files and Directories.
         Starting Update UTMP about System Boot/Shutdown...
[[0;32m  OK  [0m] Started Dispatch Password Requests to Console Directory Watch.
[[0;32m  OK  [0m] Started Update UTMP about System Boot/Shutdown.
[[0;32m  OK  [0m] Found device /dev/ttyS0.
[[0;32m  OK  [0m] Listening on Load/Save RF Kill Switch Status /dev/rfkill Watch.
[[0;32m  OK  [0m] Started LSB: AppArmor initialization.
[   12.921153] cloud-init[480]: Cloud-init v. 21.1-19-gbad84ad4-0ubuntu1~16.04.2 running 'init-local' at Sun, 26 Feb 2023 18:45:58 +0000. Up 12.50 seconds.
         Starting Load AppArmor profiles managed internally by snapd...
[[0;32m  OK  [0m] Started Initial cloud-init job (pre-networking).
[[0;32m  OK  [0m] Started Load AppArmor profiles managed internally by snapd.
[[0;32m  OK  [0m] Started Set console font and keymap.
[[0;32m  OK  [0m] Created slice system-getty.slice.
[[0;32m  OK  [0m] Reached target Network (Pre).
         Starting Raise network interfaces...
[[0;32m  OK  [0m] Started Raise network interfaces.
[[0;32m  OK  [0m] Reached target Network.
         Starting Initial cloud-init job (metadata service crawler)...
[   14.265921] cloud-init[926]: Cloud-init v. 21.1-19-gbad84ad4-0ubuntu1~16.04.2 running 'init' at Sun, 26 Feb 2023 18:45:59 +0000. Up 13.79 seconds.
[   14.271038] cloud-init[926]: ci-info: ++++++++++++++++++++++++++++++++++++++Net device info++++++++++++++++++++++++++++++++++++++
[   14.281304] cloud-init[926]: ci-info: +--------+------+----------------------------+---------------+--------+-------------------+
[   14.287070] cloud-init[926]: ci-info: | Device |  Up  |          Address           |      Mask     | Scope  |     Hw-Address    |
[   14.292980] cloud-init[926]: ci-info: +--------+------+----------------------------+---------------+--------+-------------------+
[   14.298781] cloud-init[926]: ci-info: | enp0s3 | True |         10.0.2.15          | 255.255.255.0 | global | 02:be:82:6b:cc:1d |
[   14.304141] cloud-init[926]: ci-info: | enp0s3 | True | fe80::be:82ff:fe6b:cc1d/64 |       .       |  link  | 02:be:82:6b:cc:1d |
[   14.309598] cloud-init[926]: ci-info: |   lo   | True |         127.0.0.1          |   255.0.0.0   |  host  |         .         |
[   14.314486] cloud-init[926]: ci-info: |   lo   | True |          ::1/128           |       .       |  host  |         .         |
[   14.319396] cloud-init[926]: ci-info: +--------+------+----------------------------+---------------+--------+-------------------+
[   14.324799] cloud-init[926]: ci-info: +++++++++++++++++++++++++++Route IPv4 info++++++++++++++++++++++++++++
[   14.329716] cloud-init[926]: ci-info: +-------+-------------+----------+---------------+-----------+-------+
[   14.334248] cloud-init[926]: ci-info: | Route | Destination | Gateway  |    Genmask    | Interface | Flags |
[   14.338825] cloud-init[926]: ci-info: +-------+-------------+----------+---------------+-----------+-------+
[   14.343325] cloud-init[926]: ci-info: |   0   |   0.0.0.0   | 10.0.2.2 |    0.0.0.0    |   enp0s3  |   UG  |
[   14.348072] cloud-init[926]: ci-info: |   1   |   10.0.2.0  | 0.0.0.0  | 255.255.255.0 |   enp0s3  |   U   |
[   14.353012] cloud-init[926]: ci-info: +-------+-------------+----------+---------------+-----------+-------+
[   14.357659] cloud-init[926]: ci-info: +++++++++++++++++++Route IPv6 info+++++++++++++++++++
[   14.361815] cloud-init[926]: ci-info: +-------+-------------+---------+-----------+-------+
[   14.366019] cloud-init[926]: ci-info: | Route | Destination | Gateway | Interface | Flags |
[   14.370515] cloud-init[926]: ci-info: +-------+-------------+---------+-----------+-------+
[   14.375492] cloud-init[926]: ci-info: |   0   |  fe80::/64  |    ::   |   enp0s3  |   U   |
[   14.380150] cloud-init[926]: ci-info: |   3   |   ff00::/8  |    ::   |   enp0s3  |   U   |
[   14.384411] cloud-init[926]: ci-info: +-------+-------------+---------+-----------+-------+
[   14.389257] cloud-init[926]: Generating public/private rsa key pair.
[   14.390299] cloud-init[926]: Your identification has been saved in /etc/ssh/ssh_host_rsa_key.
[   14.390686] cloud-init[926]: Your public key has been saved in /etc/ssh/ssh_host_rsa_key.pub.
[   14.391024] cloud-init[926]: The key fingerprint is:
[   14.391384] cloud-init[926]: SHA256:z6/2o3ivT/ukaVKeCZettz5gaVhg0FDWAFbHpLE6ixE root@ubuntu-xenial
[   14.391756] cloud-init[926]: The key's randomart image is:
[   14.392684] cloud-init[926]: +---[RSA 2048]----+
[   14.393019] cloud-init[926]: |        =B*=o    |
[   14.393389] cloud-init[926]: |       . .+=o    |
[   14.393760] cloud-init[926]: |      E  .o.     |
[   14.394095] cloud-init[926]: |       . .  .    |
[   14.394432] cloud-init[926]: |      . S  o +   |
[   14.394777] cloud-init[926]: |       o =o O .  |
[   14.395119] cloud-init[926]: |      . . oB.=.  |
[   14.395482] cloud-init[926]: |         .+oB=o  |
[   14.395837] cloud-init[926]: |        .o+XO=+o |
[   14.396628] cloud-init[926]: +----[SHA256]-----+
[   14.396913] cloud-init[926]: Generating public/private dsa key pair.
[   14.397275] cloud-init[926]: Your identification has been saved in /etc/ssh/ssh_host_dsa_key.
[   14.397586] cloud-init[926]: Your public key has been saved in /etc/ssh/ssh_host_dsa_key.pub.
[   14.397931] cloud-init[926]: The key fingerprint is:
[   14.398266] cloud-init[926]: SHA256:ITGWtZGtsjFkjRglVAXOkqBihWOuxF6go3MLP8RPjOA root@ubuntu-xenial
[   14.398626] cloud-init[926]: The key's randomart image is:
[   14.399036] cloud-init[926]: +---[DSA 1024]----+
[   14.399361] cloud-init[926]: |  oo+=BB+o       |
[   14.399710] cloud-init[926]: | *...*=ooo.      |
[   14.400474] cloud-init[926]: |B.o oo+ o.       |
[   14.400828] cloud-init[926]: |*+ . .+...       |
[   14.401194] cloud-init[926]: |*+.o   =S        |
[   14.401654] cloud-init[926]: |=E= o .          |
[   14.401989] cloud-init[926]: | * +             |
[   14.402341] cloud-init[926]: |  + .            |
[   14.402694] cloud-init[926]: |   .             |
[   14.403016] cloud-init[926]: +----[SHA256]-----+
[   14.403072] cloud-init[926]: Generating public/private ecdsa key pair.
[   14.403128] cloud-init[926]: Your identification has been saved in /etc/ssh/ssh_host_ecdsa_key.
[   14.403228] cloud-init[926]: Your public key has been saved in /etc/ssh/ssh_host_ecdsa_key.pub.
[   14.403656] cloud-init[926]: The key fingerprint is:
[   14.404609] cloud-init[926]: SHA256:Fi7q+uk83XiKSpxor/4SyA5mwovdjhKCgN5hDZEdiSk root@ubuntu-xenial
[   14.404960] cloud-init[926]: The key's randomart image is:
[   14.405290] cloud-init[926]: +---[ECDSA 256]---+
[   14.405646] cloud-init[926]: |   .*.o          |
[   14.405967] cloud-init[926]: | E = o           |
[   14.406323] cloud-init[926]: |. . o   .        |
[   14.406697] cloud-init[926]: |o  o . . .       |
[   14.407049] cloud-init[926]: |B o . . S        |
[   14.407393] cloud-init[926]: |BX o . o         |
[   14.407790] cloud-init[926]: |X+*... o         |
[   14.408543] cloud-init[926]: |+=o+ooo o        |
[   14.408863] cloud-init[926]: |.+BOO..o         |
[   14.409197] cloud-init[926]: +----[SHA256]-----+
[   14.409574] cloud-init[926]: Generating public/private ed25519 key pair.
[   14.409912] cloud-init[926]: Your identification has been saved in /etc/ssh/ssh_host_ed25519_key.
[   14.410250] cloud-init[926]: Your public key has been saved in /etc/ssh/ssh_host_ed25519_key.pub.
[   14.410603] cloud-init[926]: The key fingerprint is:
[   14.410925] cloud-init[926]: SHA256:zDFEusE5gYk+XI+Jm5SxA/AQjnsl879rNZFLUaQ1dFE root@ubuntu-xenial
[   14.411314] cloud-init[926]: The key's randomart image is:
[   14.411638] cloud-init[926]: +--[ED25519 256]--+
[   14.411990] cloud-init[926]: |=. . o..o+* ooE  |
[   14.412955] cloud-init[926]: |+oo +. =.o o     |
[   14.413274] cloud-init[926]: |.=+*.+* +o       |
[   14.413599] cloud-init[926]: | .X=o .*+o       |
[   14.413960] cloud-init[926]: |...=. ..So       |
[   14.414301] cloud-init[926]: | .o  .  +        |
[   14.414638] cloud-init[926]: |      .. .       |
[   14.414994] cloud-init[926]: |      ..         |
[   14.415450] cloud-init[926]: |     .o.         |
[   14.415665] cloud-init[926]: +----[SHA256]-----+
[[0;32m  OK  [0m] Started Initial cloud-init job (metadata service crawler).
[[0;32m  OK  [0m] Reached target Network is Online.
         Starting iSCSI initiator daemon (iscsid)...
[[0;32m  OK  [0m] Reached target Cloud-config availability.
[[0;32m  OK  [0m] Reached target System Initialization.
[[0;32m  OK  [0m] Started Daily apt download activities.
[[0;32m  OK  [0m] Started Daily Cleanup of Temporary Directories.
[[0;32m  OK  [0m] Started Ubuntu Advantage update messaging.
         Starting LXD - unix socket.
[[0;32m  OK  [0m] Listening on ACPID Listen Socket.
[[0;32m  OK  [0m] Listening on D-Bus System Message Bus Socket.
[[0;32m  OK  [0m] Started Daily apt upgrade and clean activities.
[[0;32m  OK  [0m] Started Message of the Day.
[[0;32m  OK  [0m] Reached target Timers.
         Starting Socket activation for snappy daemon.
[[0;32m  OK  [0m] Started ACPI Events Check.
[[0;32m  OK  [0m] Reached target Paths.
[[0;32m  OK  [0m] Listening on UUID daemon activation socket.
[[0;32m  OK  [0m] Listening on LXD - unix socket.
[[0;32m  OK  [0m] Listening on Socket activation for snappy daemon.
[[0;32m  OK  [0m] Started iSCSI initiator daemon (iscsid).
         Starting Login to default iSCSI targets...
[[0;32m  OK  [0m] Reached target Sockets.
[[0;32m  OK  [0m] Reached target Basic System.
[[0;32m  OK  [0m] Started Regular background program processing daemon.
         Starting Login Service...
         Starting /etc/rc.local Compatibility...
[[0;32m  OK  [0m] Started D-Bus System Message Bus.
         Starting LSB: Record successful boot for GRUB...
         Starting LSB: MD monitoring daemon...
[[0;32m  OK  [0m] Started Deferred execution scheduler.
[[0;32m  OK  [0m] Started FUSE filesystem for LXC.
         Starting Accounts Service...
         Starting Pollinate to seed the pseudo random number generator...
         Starting Snap Daemon...
         Starting System Logging Service...
         Starting Virtualbox guest utils...
[[0;32m  OK  [0m] Started ACPI event daemon.
         Starting LXD - container startup/shutdown...
[[0;32m  OK  [0m] Started System Logging Service.
[[0;32m  OK  [0m] Started /etc/rc.local Compatibility.
[[0;32m  OK  [0m] Started Login Service.
[[0;32m  OK  [0m] Started LSB: MD monitoring daemon.
[[0;32m  OK  [0m] Started LSB: Record successful boot for GRUB.
[[0;32m  OK  [0m] Started Login to default iSCSI targets.
[[0;32m  OK  [0m] Reached target Remote File Systems (Pre).
[[0;32m  OK  [0m] Reached target Remote File Systems.
         Starting LSB: automatic crash report generation...
         Starting LSB: daemon to balance interrupts for SMP systems...
         Starting LSB: Set the CPU Frequency Scaling governor to "ondemand"...
         Starting Permit User Sessions...
[[0;32m  OK  [0m] Started Unattended Upgrades Shutdown.
         Starting Authenticate and Authorize Users to Run Privileged Tasks...
[[0;32m  OK  [0m] Started LXD - container startup/shutdown.
[[0;32m  OK  [0m] Started Permit User Sessions.
         Starting Hold until boot process finishes up...
         Starting Terminate Plymouth Boot Screen...
[[0;32m  OK  [0m] Started Hold until boot process finishes up.
[[0;32m  OK  [0m] Started Serial Getty on ttyS0.
[[0;32m  OK  [0m] Started Getty on tty1.
[[0;32m  OK  [0m] Reached target Login Prompts.
         Starting Set console scheme...
[[0;32m  OK  [0m] Started LSB: Set the CPU Frequency Scaling governor to "ondemand".
[[0;32m  OK  [0m] Started Terminate Plymouth Boot Screen.
[[0;32m  OK  [0m] Started Set console scheme.
[[0;32m  OK  [0m] Started LSB: daemon to balance interrupts for SMP systems.
[[0;32m  OK  [0m] Started LSB: automatic crash report generation.
[[0;32m  OK  [0m] Started Authenticate and Authorize Users to Run Privileged Tasks.
[[0;32m  OK  [0m] Started Accounts Service.
[[0;32m  OK  [0m] Started Virtualbox guest utils.
[[0;32m  OK  [0m] Started Snap Daemon.
         Starting Wait until snapd is fully seeded...
[[0;32m  OK  [0m] Started Pollinate to seed the pseudo random number generator.
         Starting OpenBSD Secure Shell server...
[[0;32m  OK  [0m] Started OpenBSD Secure Shell server.
[[0;32m  OK  [0m] Started Wait until snapd is fully seeded.
         Starting Apply the settings specified in cloud-config...
[[0;32m  OK  [0m] Reached target Multi-User System.
[[0;32m  OK  [0m] Reached target Graphical Interface.
         Starting Update UTMP about System Runlevel Changes...
[[0;32m  OK  [0m] Started Update UTMP about System Runlevel Changes.
[   16.807372] cloud-init[1262]: Generating locales (this might take a while)...
[   17.659969] cloud-init[1262]:   en_US.UTF-8... done
[   17.665261] cloud-init[1262]: Generation complete.
[   17.928163] cloud-init[1262]: Cloud-init v. 21.1-19-gbad84ad4-0ubuntu1~16.04.2 running 'modules:config' at Sun, 26 Feb 2023 18:46:02 +0000. Up 16.72 seconds.
[[0;32m  OK  [0m] Started Apply the settings specified in cloud-config.
         Starting Execute cloud user/final scripts...
[[0;32m  OK  [0m] Created slice User Slice of vagrant.
         Starting User Manager for UID 1000...
[[0;32m  OK  [0m] Started Session 1 of user vagrant.
[[0;32m  OK  [0m] Started User Manager for UID 1000.
ci-info: no authorized SSH keys fingerprints found for user ubuntu.
<14>Feb 26 18:46:04 ec2: 
<14>Feb 26 18:46:04 ec2: #############################################################
<14>Feb 26 18:46:04 ec2: -----BEGIN SSH HOST KEY FINGERPRINTS-----
<14>Feb 26 18:46:04 ec2: 1024 SHA256:ITGWtZGtsjFkjRglVAXOkqBihWOuxF6go3MLP8RPjOA root@ubuntu-xenial (DSA)
<14>Feb 26 18:46:04 ec2: 256 SHA256:Fi7q+uk83XiKSpxor/4SyA5mwovdjhKCgN5hDZEdiSk root@ubuntu-xenial (ECDSA)
<14>Feb 26 18:46:04 ec2: 256 SHA256:zDFEusE5gYk+XI+Jm5SxA/AQjnsl879rNZFLUaQ1dFE root@ubuntu-xenial (ED25519)
<14>Feb 26 18:46:04 ec2: 2048 SHA256:z6/2o3ivT/ukaVKeCZettz5gaVhg0FDWAFbHpLE6ixE root@ubuntu-xenial (RSA)
<14>Feb 26 18:46:04 ec2: -----END SSH HOST KEY FINGERPRINTS-----
<14>Feb 26 18:46:04 ec2: #############################################################
-----BEGIN SSH HOST KEY KEYS-----
ecdsa-sha2-nistp256 AAAAE2VjZHNhLXNoYTItbmlzdHAyNTYAAAAIbmlzdHAyNTYAAABBBI1QV/n5oFlW54cMgm0ixNt32mFf1L++mwbS0HQAxAnd0uI7n6qnX/GZpjW/OlRY4ssh5GDvXWlfeLov9DWd+l0= root@ubuntu-xenial
ssh-ed25519 AAAAC3NzaC1lZDI1NTE5AAAAIJi3pJdS37/B6+OVInBivVB6NjFIQJYAICsY0MFbBIsO root@ubuntu-xenial
ssh-rsa AAAAB3NzaC1yc2EAAAADAQABAAABAQDiiE4nMzutCsavUuyHQuWhL+P0x6zhQzPOXyTK9+ne4TvVc8MJ+Xtp0bXnIAzleC+dD0lap2mKOJg52dPYqAzQtubPpsokNTC7IXM28B8DeHsMK+NC1YKfYbKGDfcgmckoeer1rh0o262k4MOP9TOagtT4lF2c0kwTHyYRLBynKzCX+b2tCj5ezVs6jOR1se4w9Y0xtjcnRFV/0iS87A62edppoyjNDVw9uroW56BYbhMml4RNttoOMA/feHsbWUBQrMijqute1nh6ubWxH7ipxgdCB+uddhhnBE9hvQdZ8llRN6mvCw1H5X28VVNakiOSWycjcyIDDHln3cECQ0hF root@ubuntu-xenial
-----END SSH HOST KEY KEYS-----
[   18.354991] cloud-init[1305]: Cloud-init v. 21.1-19-gbad84ad4-0ubuntu1~16.04.2 running 'modules:final' at Sun, 26 Feb 2023 18:46:04 +0000. Up 18.18 seconds.
[   18.363370] cloud-init[1305]: ci-info: no authorized SSH keys fingerprints found for user ubuntu.
[   18.370636] cloud-init[1305]: Cloud-init v. 21.1-19-gbad84ad4-0ubuntu1~16.04.2 finished at Sun, 26 Feb 2023 18:46:04 +0000. Datasource DataSourceNoCloud [seed=/dev/sdb][dsmode=net].  Up 18.34 seconds
[[0;32m  OK  [0m] Started Execute cloud user/final scripts.
[[0;32m  OK  [0m] Reached target Cloud-init target.

Ubuntu 16.04.7 LTS ubuntu-xenial ttyS0

ubuntu-xenial login: 