[    0.000000] Initializing cgroup subsys cpuset
[    0.000000] Initializing cgroup subsys cpu
[    0.000000] Initializing cgroup subsys cpuacct
[    0.000000] Linux version 4.4.0-210-generic (buildd@lgw01-amd64-009) (gcc version 5.4.0 20160609 (Ubuntu 5.4.0-6ubuntu1~16.04.12) ) #242-Ubuntu SMP Fri Apr 16 09:57:56 UTC 2021 (Ubuntu 4.4.0-210.242-generic 4.4.262)
[    0.000000] Command line: BOOT_IMAGE=/boot/vmlinuz-4.4.0-210-generic root=LABEL=cloudimg-rootfs ro console=tty1 console=ttyS0
[    0.000000] KERNEL supported cpus:
[    0.000000]   Intel GenuineIntel
[    0.000000]   AMD AuthenticAMD
[    0.000000]   Centaur CentaurHauls
[    0.000000] x86/fpu: Legacy x87 FPU detected.
[    0.000000] e820: BIOS-provided physical RAM map:
[    0.000000] BIOS-e820: [mem 0x0000000000000000-0x000000000009fbff] usable
[    0.000000] BIOS-e820: [mem 0x000000000009fc00-0x000000000009ffff] reserved
[    0.000000] BIOS-e820: [mem 0x00000000000f0000-0x00000000000fffff] reserved
[    0.000000] BIOS-e820: [mem 0x0000000000100000-0x000000003ffeffff] usable
[    0.000000] BIOS-e820: [mem 0x000000003fff0000-0x000000003fffffff] ACPI data
[    0.000000] BIOS-e820: [mem 0x00000000fec00000-0x00000000fec00fff] reserved
[    0.000000] BIOS-e820: [mem 0x00000000fee00000-0x00000000fee00fff] reserved
[    0.000000] BIOS-e820: [mem 0x00000000fffc0000-0x00000000ffffffff] reserved
[    0.000000] NX (Execute Disable) protection: active
[    0.000000] SMBIOS 2.5 present.
[    0.000000] Hypervisor detected: KVM
[    0.000000] Kernel/User page tables isolation: disabled
[    0.000000] e820: last_pfn = 0x3fff0 max_arch_pfn = 0x400000000
[    0.000000] MTRR: Disabled
[    0.000000] x86/PAT: MTRRs disabled, skipping PAT initialization too.
[    0.000000] CPU MTRRs all blank - virtualized system.
[    0.000000] x86/PAT: Configuration [0-7]: WB  WT  UC- UC  WB  WT  UC- UC  
[    0.000000] found SMP MP-table at [mem 0x0009fff0-0x0009ffff] mapped at [ffff88000009fff0]
[    0.000000] Scanning 1 areas for low memory corruption
[    0.000000] RAMDISK: [mem 0x362dc000-0x37165fff]
[    0.000000] ACPI: Early table checksum verification disabled
[    0.000000] ACPI: RSDP 0x00000000000E0000 000024 (v02 VBOX  )
[    0.000000] ACPI: XSDT 0x000000003FFF0030 00003C (v01 VBOX   VBOXXSDT 00000001 ASL  00000061)
[    0.000000] ACPI: FACP 0x000000003FFF00F0 0000F4 (v04 VBOX   VBOXFACP 00000001 ASL  00000061)
[    0.000000] ACPI: DSDT 0x000000003FFF0610 002353 (v02 VBOX   VBOXBIOS 00000002 INTL 20100528)
[    0.000000] ACPI: FACS 0x000000003FFF0200 000040
[    0.000000] ACPI: FACS 0x000000003FFF0200 000040
[    0.000000] ACPI: APIC 0x000000003FFF0240 00005C (v02 VBOX   VBOXAPIC 00000001 ASL  00000061)
[    0.000000] ACPI: SSDT 0x000000003FFF02A0 00036C (v01 VBOX   VBOXCPUT 00000002 INTL 20100528)
[    0.000000] No NUMA configuration found
[    0.000000] Faking a node at [mem 0x0000000000000000-0x000000003ffeffff]
[    0.000000] NODE_DATA(0) allocated [mem 0x3ffeb000-0x3ffeffff]
[    0.000000] kvm-clock: Using msrs 4b564d01 and 4b564d00
[    0.000000] kvm-clock: cpu 0, msr 0:3ffe3001, primary cpu clock
[    0.000000] kvm-clock: using sched offset of 3393788116 cycles
[    0.000000] clocksource: kvm-clock: mask: 0xffffffffffffffff max_cycles: 0x1cd42e4dffb, max_idle_ns: 881590591483 ns
[    0.000000] Zone ranges:
[    0.000000]   DMA      [mem 0x0000000000001000-0x0000000000ffffff]
[    0.000000]   DMA32    [mem 0x0000000001000000-0x000000003ffeffff]
[    0.000000]   Normal   empty
[    0.000000]   Device   empty
[    0.000000] Movable zone start for each node
[    0.000000] Early memory node ranges
[    0.000000]   node   0: [mem 0x0000000000001000-0x000000000009efff]
[    0.000000]   node   0: [mem 0x0000000000100000-0x000000003ffeffff]
[    0.000000] Initmem setup node 0 [mem 0x0000000000001000-0x000000003ffeffff]
[    0.000000] ACPI: PM-Timer IO Port: 0x4008
[    0.000000] IOAPIC[0]: apic_id 2, version 32, address 0xfec00000, GSI 0-23
[    0.000000] ACPI: INT_SRC_OVR (bus 0 bus_irq 0 global_irq 2 dfl dfl)
[    0.000000] ACPI: INT_SRC_OVR (bus 0 bus_irq 9 global_irq 9 low level)
[    0.000000] Using ACPI (MADT) for SMP configuration information
[    0.000000] smpboot: Allowing 2 CPUs, 0 hotplug CPUs
[    0.000000] PM: Registered nosave memory: [mem 0x00000000-0x00000fff]
[    0.000000] PM: Registered nosave memory: [mem 0x0009f000-0x0009ffff]
[    0.000000] PM: Registered nosave memory: [mem 0x000a0000-0x000effff]
[    0.000000] PM: Registered nosave memory: [mem 0x000f0000-0x000fffff]
[    0.000000] e820: [mem 0x40000000-0xfebfffff] available for PCI devices
[    0.000000] Booting paravirtualized kernel on KVM
[    0.000000] clocksource: refined-jiffies: mask: 0xffffffff max_cycles: 0xffffffff, max_idle_ns: 7645519600211568 ns
[    0.000000] setup_percpu: NR_CPUS:512 nr_cpumask_bits:512 nr_cpu_ids:2 nr_node_ids:1
[    0.000000] PERCPU: Embedded 33 pages/cpu @ffff88003fc00000 s95192 r8192 d31784 u1048576
[    0.000000] Built 1 zonelists in Node order, mobility grouping on.  Total pages: 257912
[    0.000000] Policy zone: DMA32
[    0.000000] Kernel command line: BOOT_IMAGE=/boot/vmlinuz-4.4.0-210-generic root=LABEL=cloudimg-rootfs ro console=tty1 console=ttyS0
[    0.000000] PID hash table entries: 4096 (order: 3, 32768 bytes)
[    0.000000] Memory: 997792K/1048120K available (8644K kernel code, 1332K rwdata, 4044K rodata, 1492K init, 1164K bss, 50328K reserved, 0K cma-reserved)
[    0.000000] SLUB: HWalign=64, Order=0-3, MinObjects=0, CPUs=2, Nodes=1
[    0.000000] Hierarchical RCU implementation.
[    0.000000] 	Build-time adjustment of leaf fanout to 64.
[    0.000000] 	RCU restricting CPUs from NR_CPUS=512 to nr_cpu_ids=2.
[    0.000000] RCU: Adjusting geometry for rcu_fanout_leaf=64, nr_cpu_ids=2
[    0.000000] NR_IRQS:33024 nr_irqs:440 16
[    0.000000] Console: colour VGA+ 80x25
[    0.000000] console [tty1] enabled
[    0.000000] console [ttyS0] enabled
[    0.000000] tsc: Detected 2112.004 MHz processor
[    0.478649] Calibrating delay loop (skipped) preset value.. 4224.00 BogoMIPS (lpj=8448016)
[    0.484942] pid_max: default: 32768 minimum: 301
[    0.488359] ACPI: Core revision 20150930
[    0.492347] ACPI: 2 ACPI AML tables successfully acquired and loaded
[    0.497754] Security Framework initialized
[    0.500838] Yama: becoming mindful.
[    0.503655] AppArmor: AppArmor initialized
[    0.507152] Dentry cache hash table entries: 131072 (order: 8, 1048576 bytes)
[    0.516065] Inode-cache hash table entries: 65536 (order: 7, 524288 bytes)
[    0.523213] Mount-cache hash table entries: 2048 (order: 2, 16384 bytes)
[    0.530217] Mountpoint-cache hash table entries: 2048 (order: 2, 16384 bytes)
[    0.536592] Initializing cgroup subsys io
[    0.539869] Initializing cgroup subsys memory
[    0.543489] Initializing cgroup subsys devices
[    0.547789] Initializing cgroup subsys freezer
[    0.551370] Initializing cgroup subsys net_cls
[    0.555080] Initializing cgroup subsys perf_event
[    0.559563] Initializing cgroup subsys net_prio
[    0.563312] Initializing cgroup subsys hugetlb
[    0.566941] Initializing cgroup subsys pids
[    0.584898] mce: CPU supports 0 MCE banks
[    0.590447] Last level iTLB entries: 4KB 64, 2MB 8, 4MB 8
[    0.596748] Last level dTLB entries: 4KB 64, 2MB 0, 4MB 0, 1GB 4
[    0.601273] Spectre V1 : Mitigation: usercopy/swapgs barriers and __user pointer sanitization
[    0.609343] Spectre V2 : Mitigation: Enhanced IBRS
[    0.613543] Spectre V2 : Spectre v2 / SpectreRSB mitigation: Filling RSB on context switch
[    0.621964] Speculative Store Bypass: Vulnerable
[    0.627539] SRBDS: Mitigation: TSX disabled
[    0.662883] Freeing SMP alternatives memory: 36K
[    0.733807] ftrace: allocating 32380 entries in 127 pages
[    1.188275] smpboot: APIC(0) Converting physical 0 to logical package 0
[    1.194916] smpboot: Max logical packages: 1
[    1.209744] ..TIMER: vector=0x30 apic1=0 pin1=2 apic2=-1 pin2=-1
[    1.323410] smpboot: CPU0: Intel(R) Core(TM) i5-10210U CPU @ 1.60GHz (family: 0x6, model: 0x8e, stepping: 0xc)
[    1.331776] Performance Events: unsupported p6 CPU model 142 no PMU driver, software events only.
[    1.407840] KVM setup paravirtual spinlock
[    1.413524] x86: Booting SMP configuration:
[    1.417158] .... node  #0, CPUs:      #1
[    1.421350] kvm-clock: cpu 1, msr 0:3ffe3041, secondary cpu clock
[    1.437867] mce: CPU supports 0 MCE banks
[    1.442080] TSC synchronization [CPU#0 -> CPU#1]:
[    1.445711] Measured 68339 cycles TSC warp between CPUs, turning off TSC clock.
[    1.450887] tsc: Marking TSC unstable due to check_tsc_sync_source failed
[    0.453883] x86: Booted up 1 node, 2 CPUs
[    0.456003] smpboot: Total of 2 processors activated (8448.01 BogoMIPS)
[    0.464487] devtmpfs: initialized
[    0.469789] evm: security.selinux
[    0.472003] evm: security.SMACK64
[    0.474485] evm: security.SMACK64EXEC
[    0.476002] evm: security.SMACK64TRANSMUTE
[    0.480001] evm: security.SMACK64MMAP
[    0.484001] evm: security.ima
[    0.486225] evm: security.capability
[    0.488249] clocksource: jiffies: mask: 0xffffffff max_cycles: 0xffffffff, max_idle_ns: 7645041785100000 ns
[    0.492128] futex hash table entries: 512 (order: 3, 32768 bytes)
[    0.496383] pinctrl core: initialized pinctrl subsystem
[    0.500322] RTC time: 18:06:29, date: 02/26/23
[    0.505057] NET: Registered protocol family 16
[    0.520005] cpuidle: using governor ladder
[    0.532012] cpuidle: using governor menu
[    0.536107] PCCT header not found.
[    0.538735] ACPI: bus type PCI registered
[    0.540003] acpiphp: ACPI Hot Plug PCI Controller Driver version: 0.5
[    0.544353] PCI: Using configuration type 1 for base access
[    0.568594] ACPI: Added _OSI(Module Device)
[    0.572003] ACPI: Added _OSI(Processor Device)
[    0.576002] ACPI: Added _OSI(3.0 _SCP Extensions)
[    0.580002] ACPI: Added _OSI(Processor Aggregator Device)
[    0.585003] ACPI: Executed 1 blocks of module-level executable AML code
[    0.593538] ACPI: Interpreter enabled
[    0.596011] ACPI: (supports S0 S5)
[    0.598579] ACPI: Using IOAPIC for interrupt routing
[    0.600269] PCI: Using host bridge windows from ACPI; if necessary, use "pci=nocrs" and report a bug
[    0.610740] ACPI: PCI Root Bridge [PCI0] (domain 0000 [bus 00-ff])
[    0.612005] acpi PNP0A03:00: _OSC: OS supports [ASPM ClockPM Segments MSI]
[    0.616526] acpi PNP0A03:00: _OSC: not requesting OS control; OS requires [ExtendedConfig ASPM ClockPM MSI]
[    0.620008] acpi PNP0A03:00: fail to add MMCONFIG information, can't access extended PCI configuration space under this bridge.
[    0.624624] PCI host bridge to bus 0000:00
[    0.628004] pci_bus 0000:00: root bus resource [io  0x0000-0x0cf7 window]
[    0.632017] pci_bus 0000:00: root bus resource [io  0x0d00-0xffff window]
[    0.636004] pci_bus 0000:00: root bus resource [mem 0x000a0000-0x000bffff window]
[    0.640003] pci_bus 0000:00: root bus resource [mem 0x40000000-0xfdffffff window]
[    0.644008] pci_bus 0000:00: root bus resource [bus 00-ff]
[    0.656307] pci 0000:00:01.1: legacy IDE quirk: reg 0x10: [io  0x01f0-0x01f7]
[    0.660003] pci 0000:00:01.1: legacy IDE quirk: reg 0x14: [io  0x03f6]
[    0.664004] pci 0000:00:01.1: legacy IDE quirk: reg 0x18: [io  0x0170-0x0177]
[    0.668003] pci 0000:00:01.1: legacy IDE quirk: reg 0x1c: [io  0x0376]
[    0.690051] pci 0000:00:07.0: quirk: [io  0x4000-0x403f] claimed by PIIX4 ACPI
[    0.692034] pci 0000:00:07.0: quirk: [io  0x4100-0x410f] claimed by PIIX4 SMB
[    0.702461] ACPI: PCI Interrupt Link [LNKA] (IRQs 5 9 10 *11)
[    0.708440] ACPI: PCI Interrupt Link [LNKB] (IRQs 5 9 *10 11)
[    0.714506] ACPI: PCI Interrupt Link [LNKC] (IRQs 5 *9 10 11)
[    0.721802] ACPI: PCI Interrupt Link [LNKD] (IRQs 5 9 10 *11)
[    0.728149] ACPI: Enabled 2 GPEs in block 00 to 07
[    0.732213] vgaarb: setting as boot device: PCI:0000:00:02.0
[    0.736000] vgaarb: device added: PCI:0000:00:02.0,decodes=io+mem,owns=io+mem,locks=none
[    0.736003] vgaarb: loaded
[    0.740002] vgaarb: bridge control possible 0000:00:02.0
[    0.744302] SCSI subsystem initialized
[    0.748177] ACPI: bus type USB registered
[    0.752031] usbcore: registered new interface driver usbfs
[    0.756023] usbcore: registered new interface driver hub
[    0.760008] usbcore: registered new device driver usb
[    0.764454] PCI: Using ACPI for IRQ routing
[    0.768667] NetLabel: Initializing
[    0.772002] NetLabel:  domain hash size = 128
[    0.775089] NetLabel:  protocols = UNLABELED CIPSOv4
[    0.776012] NetLabel:  unlabeled traffic allowed by default
[    0.780122] amd_nb: Cannot enumerate AMD northbridges
[    0.784239] clocksource: Switched to clocksource kvm-clock
[    0.808820] AppArmor: AppArmor Filesystem Enabled
[    0.811732] pnp: PnP ACPI init
[    0.811732] pnp: PnP ACPI: found 3 devices
[    0.858093] clocksource: acpi_pm: mask: 0xffffff max_cycles: 0xffffff, max_idle_ns: 2085701024 ns
[    0.860307] NET: Registered protocol family 2
[    0.868832] TCP established hash table entries: 8192 (order: 4, 65536 bytes)
[    0.874021] TCP bind hash table entries: 8192 (order: 5, 131072 bytes)
[    0.877831] TCP: Hash tables configured (established 8192 bind 8192)
[    0.877831] UDP hash table entries: 512 (order: 2, 16384 bytes)
[    0.877831] UDP-Lite hash table entries: 512 (order: 2, 16384 bytes)
[    0.877831] NET: Registered protocol family 1
[    0.877831] pci 0000:00:00.0: Limiting direct PCI/PCI transfers
[    0.877831] pci 0000:00:01.0: Activating ISA DMA hang workarounds
[    0.877831] Unpacking initramfs...
[    0.877831] Freeing initrd memory: 14888K
[    0.877831] clocksource: tsc: mask: 0xffffffffffffffff max_cycles: 0x1e717c37157, max_idle_ns: 440795284133 ns
[    0.877831] platform rtc_cmos: registered platform RTC device (no PNP device found)
[    0.877831] Scanning for low memory corruption every 60 seconds
[    1.220014] audit: initializing netlink subsys (disabled)
[    1.224703] audit: type=2000 audit(1677434794.783:1): initialized
[    1.229313] Initialise system trusted keyring
[    1.233638] HugeTLB registered 2 MB page size, pre-allocated 0 pages
[    1.240402] zbud: loaded
[    1.243210] VFS: Disk quotas dquot_6.6.0
[    1.246320] VFS: Dquot-cache hash table entries: 512 (order 0, 4096 bytes)
[    1.251282] squashfs: version 4.0 (2009/01/31) Phillip Lougher
[    1.257411] fuse init (API version 7.23)
[    1.261280] Key type big_key registered
[    1.264395] Allocating IMA MOK and blacklist keyrings.
[    1.283425] Key type asymmetric registered
[    1.286993] Asymmetric key parser 'x509' registered
[    1.290905] Block layer SCSI generic (bsg) driver version 0.4 loaded (major 249)
[    1.296861] io scheduler noop registered
[    1.299681] io scheduler deadline registered (default)
[    1.303522] io scheduler cfq registered
[    1.306540] pci_hotplug: PCI Hot Plug PCI Core version: 0.5
[    1.310592] pciehp: PCI Express Hot Plug Controller Driver version: 0.4
[    1.315463] ACPI: AC Adapter [AC] (on-line)
[    1.319217] input: Power Button as /devices/LNXSYSTM:00/LNXPWRBN:00/input/input0
[    1.324792] ACPI: Power Button [PWRF]
[    1.327751] input: Sleep Button as /devices/LNXSYSTM:00/LNXSLPBN:00/input/input1
[    1.333223] ACPI: Sleep Button [SLPF]
[    1.336629] GHES: HEST is not enabled!
[    1.337805] ACPI: Battery Slot [BAT0] (battery present)
[    1.344150] Serial: 8250/16550 driver, 32 ports, IRQ sharing enabled
[    1.373990] 00:02: ttyS0 at I/O 0x3f8 (irq = 4, base_baud = 115200) is a 16550A
[    1.395794] Linux agpgart interface v0.103
[    1.411297] loop: module loaded
[    1.416456] scsi host0: ata_piix
[    1.420160] scsi host1: ata_piix
[    1.422636] ata1: PATA max UDMA/33 cmd 0x1f0 ctl 0x3f6 bmdma 0xd000 irq 14
[    1.427653] ata2: PATA max UDMA/33 cmd 0x170 ctl 0x376 bmdma 0xd008 irq 15
[    1.432860] libphy: Fixed MDIO Bus: probed
[    1.436077] tun: Universal TUN/TAP device driver, 1.6
[    1.439873] tun: (C) 1999-2004 Max Krasnyansky <maxk@qualcomm.com>
[    1.445528] PPP generic driver version 2.4.2
[    1.449565] ehci_hcd: USB 2.0 'Enhanced' Host Controller (EHCI) Driver
[    1.454957] ehci-pci: EHCI PCI platform driver
[    1.458457] ehci-platform: EHCI generic platform driver
[    1.463321] ohci_hcd: USB 1.1 'Open' Host Controller (OHCI) Driver
[    1.467835] ohci-pci: OHCI PCI platform driver
[    1.471229] ohci-platform: OHCI generic platform driver
[    1.475096] uhci_hcd: USB Universal Host Controller Interface driver
[    1.479754] i8042: PNP: PS/2 Controller [PNP0303:PS2K,PNP0f03:PS2M] at 0x60,0x64 irq 1,12
[    1.488858] serio: i8042 KBD port at 0x60,0x64 irq 1
[    1.492388] serio: i8042 AUX port at 0x60,0x64 irq 12
[    1.496812] mousedev: PS/2 mouse device common for all mice
[    1.505369] input: AT Translated Set 2 keyboard as /devices/platform/i8042/serio0/input/input2
[    1.511548] rtc_cmos rtc_cmos: rtc core: registered rtc_cmos as rtc0
[    1.516902] rtc_cmos rtc_cmos: alarms up to one day, 114 bytes nvram
[    1.521555] i2c /dev entries driver
[    1.524516] device-mapper: uevent: version 1.0.3
[    1.528484] device-mapper: ioctl: 4.34.0-ioctl (2015-10-28) initialised: dm-devel@redhat.com
[    1.534520] ledtrig-cpu: registered to indicate activity on CPUs
[    1.540918] NET: Registered protocol family 10
[    1.544576] NET: Registered protocol family 17
[    1.548097] Key type dns_resolver registered
[    1.553353] registered taskstats version 1
[    1.556478] Loading compiled-in X.509 certificates
[    1.561009] Loaded X.509 cert 'Build time autogenerated kernel key: cf00e047681d67edb2720680708b7d9498083038'
[    1.568241] zswap: loaded using pool lzo/zbud
[    1.575922] Key type trusted registered
[    1.586866] Key type encrypted registered
[    1.590080] AppArmor: AppArmor sha1 policy hashing enabled
[    1.594711] ima: No TPM chip found, activating TPM-bypass!
[    1.598779] ima: Allocated hash algorithm: sha1
[    1.612651] evm: HMAC attrs: 0x1
[    1.618813]   Magic number: 11:902:140
[    1.627818] rtc_cmos rtc_cmos: setting system clock to 2023-02-26 18:06:31 UTC (1677434791)
[    1.653334] BIOS EDD facility v0.16 2004-Jun-25, 0 devices found
[    1.658601] EDD information not available.
[    1.664325] Freeing unused kernel memory: 1492K
[    1.668004] Write protecting the kernel read-only data: 14336k
[    1.673353] Freeing unused kernel memory: 1584K
[    1.677255] Freeing unused kernel memory: 52K
Loading, please wait...
starting version 229
[    1.700989] random: systemd-udevd: uninitialized urandom read (16 bytes read, 9 bits of entropy available)
[    1.700987] random: udevadm: uninitialized urandom read (16 bytes read, 9 bits of entropy available)
[    1.701008] random: udevadm: uninitialized urandom read (16 bytes read, 9 bits of entropy available)
[    1.709936] random: udevadm: uninitialized urandom read (16 bytes read, 9 bits of entropy available)
[    1.709973] random: udevadm: uninitialized urandom read (16 bytes read, 9 bits of entropy available)
[    1.710102] random: udevadm: uninitialized urandom read (16 bytes read, 9 bits of entropy available)
[    1.710164] random: udevadm: uninitialized urandom read (16 bytes read, 9 bits of entropy available)
[    1.710227] random: udevadm: uninitialized urandom read (16 bytes read, 9 bits of entropy available)
[    1.710306] random: udevadm: uninitialized urandom read (16 bytes read, 9 bits of entropy available)
[    1.710346] random: udevadm: uninitialized urandom read (16 bytes read, 9 bits of entropy available)
[    1.814489] e1000: Intel(R) PRO/1000 Network Driver - version 7.3.21-k8-NAPI
[    1.821124] e1000: Copyright (c) 1999-2006 Intel Corporation.
[    1.829224] Fusion MPT base driver 3.04.20
[    1.832665] Copyright (c) 1999-2008 LSI Corporation
[    1.846177] Fusion MPT SPI Host driver 3.04.20
[    1.890973] SSE version of gcm_enc/dec engaged.
[    2.085500] input: ImExPS/2 Generic Explorer Mouse as /devices/platform/i8042/serio1/input/input4
[    2.459128] e1000 0000:00:03.0 eth0: (PCI:33MHz:32-bit) 02:be:82:6b:cc:1d
[    2.464779] e1000 0000:00:03.0 eth0: Intel(R) PRO/1000 Network Connection
[    2.471995] e1000 0000:00:03.0 enp0s3: renamed from eth0
[    2.476792] mptbase: ioc0: Initiating bringup
[    2.558243] ioc0: LSI53C1030 A0: Capabilities={Initiator}
[    2.756894] scsi host2: ioc0: LSI53C1030 A0, FwRev=00000000h, Ports=1, MaxQ=256, IRQ=20
[    2.880360] scsi 2:0:0:0: Direct-Access     VBOX     HARDDISK         1.0  PQ: 0 ANSI: 5
[    2.888918] scsi target2:0:0: Beginning Domain Validation
[    2.898248] scsi target2:0:0: Domain Validation skipping write tests
[    2.903310] scsi target2:0:0: Ending Domain Validation
[    2.907780] scsi target2:0:0: asynchronous
[    2.913566] scsi 2:0:1:0: Direct-Access     VBOX     HARDDISK         1.0  PQ: 0 ANSI: 5
[    2.919737] scsi target2:0:1: Beginning Domain Validation
[    2.929873] scsi target2:0:1: Domain Validation skipping write tests
[    2.934732] scsi target2:0:1: Ending Domain Validation
[    2.939221] scsi target2:0:1: asynchronous
[    2.969544] sd 2:0:0:0: [sda] 83886080 512-byte logical blocks: (42.9 GB/40.0 GiB)
[    2.976210] sd 2:0:0:0: Attached scsi generic sg0 type 0
[    2.981763] sd 2:0:0:0: [sda] Write Protect is off
[    2.986580] sd 2:0:1:0: [sdb] 20480 512-byte logical blocks: (10.5 MB/10.0 MiB)
[    3.008314] sd 2:0:0:0: [sda] Incomplete mode parameter data
[    3.014060] sd 2:0:0:0: [sda] Assuming drive cache: write through
[    3.019632] sd 2:0:1:0: Attached scsi generic sg1 type 0
[    3.023718]  sda: sda1
[    3.025303] sd 2:0:1:0: [sdb] Write Protect is off
[    3.025682] sd 2:0:1:0: [sdb] Incomplete mode parameter data
[    3.025683] sd 2:0:1:0: [sdb] Assuming drive cache: write through
[    3.027290] sd 2:0:0:0: [sda] Attached SCSI disk
[    3.032309] sd 2:0:1:0: [sdb] Attached SCSI disk
Begin: Loading essential drivers ... [    4.665701] md: linear personality registered for level -1
[    4.674022] md: multipath personality registered for level -4
[    4.681798] md: raid0 personality registered for level 0
[    4.697097] md: raid1 personality registered for level 1
[    5.590824] raid6: sse2x1   gen() 160395 MB/s
[    7.591041] raid6: sse2x1   xor() 125771 MB/s
[    9.596356] raid6: sse2x2   gen() 250871 MB/s
[    9.671308] raid6: sse2x2   xor() 10090 MB/s
[    9.745552] raid6: sse2x4   gen() 15282 MB/s
[    9.820345] raid6: sse2x4   xor() 10134 MB/s
[    9.824384] raid6: using algorithm sse2x2 gen() 250871 MB/s
[    9.828868] raid6: .... xor() 10090 MB/s, rmw enabled
[    9.833268] raid6: using ssse3x2 recovery algorithm
[    9.839895] xor: measuring software checksum speed
[    9.880798]    prefetch64-sse: 20902.000 MB/sec
[    9.924676]    generic_sse: 23722.000 MB/sec
[    9.928772] xor: using function: generic_sse (23722.000 MB/sec)
[    9.935493] async_tx: api initialized (async)
[    9.977444] md: raid6 personality registered for level 6
[    9.982314] md: raid5 personality registered for level 5
[    9.986599] md: raid4 personality registered for level 4
[   10.007617] md: raid10 personality registered for level 10
done.
Begin: Running /scripts/init-premount ... done.
Begin: Mounting root file system ... Begin: Running /scripts/local-top ... done.
Begin: Running /scripts/local-premount ... [   10.081334] Btrfs loaded
Scanning for Btrfs filesystems
done.
Warning: fsck not present, so skipping root file system
[   10.133141] EXT4-fs (sda1): mounted filesystem with ordered data mode. Opts: (null)
done.
Begin: Running /scripts/local-bottom ... done.
Begin: Running /scripts/init-bottom ... done.
[   10.297542] systemd[1]: systemd 229 running in system mode. (+PAM +AUDIT +SELINUX +IMA +APPARMOR +SMACK +SYSVINIT +UTMP +LIBCRYPTSETUP +GCRYPT +GNUTLS +ACL +XZ -LZ4 +SECCOMP +BLKID +ELFUTILS +KMOD -IDN)
[   10.310848] systemd[1]: Detected virtualization oracle.
[   10.315314] systemd[1]: Detected architecture x86-64.

Welcome to [1mUbuntu 16.04.7 LTS[0m!

[   10.328954] systemd[1]: Set hostname to <ubuntu>.
[   10.338437] systemd[1]: Initializing machine ID from random generator.
[   10.343596] systemd[1]: Installed transient /etc/machine-id file.
[   10.518315] systemd[1]: Started Forward Password Requests to Wall Directory Watch.
[[0;32m  OK  [0m] Started Forward Password Requests to Wall Directory Watch.
[   10.529840] systemd[1]: Started Trigger resolvconf update for networkd DNS.
[[0;32m  OK  [0m] Started Trigger resolvconf update for networkd DNS.
[   10.541251] systemd[1]: Reached target System Time Synchronized.
[[0;32m  OK  [0m] Reached target System Time Synchronized.
[   10.551210] systemd[1]: Listening on fsck to fsckd communication Socket.
[[0;32m  OK  [0m] Listening on fsck to fsckd communication Socket.
[   10.562594] systemd[1]: Listening on udev Control Socket.
[[0;32m  OK  [0m] Listening on udev Control Socket.
[   10.572937] systemd[1]: Listening on Journal Socket (/dev/log).
[[0;32m  OK  [0m] Listening on Journal Socket (/dev/log).
[   10.582992] systemd[1]: Listening on LVM2 metadata daemon socket.
[[0;32m  OK  [0m] Listening on LVM2 metadata daemon socket.
[   10.594450] systemd[1]: Listening on Journal Socket.
[[0;32m  OK  [0m] Listening on Journal Socket.
[   10.603639] systemd[1]: Reached target Encrypted Volumes.
[[0;32m  OK  [0m] Reached target Encrypted Volumes.
[   10.612847] systemd[1]: Reached target Swap.
[[0;32m  OK  [0m] Reached target Swap.
[   10.621534] systemd[1]: Listening on Journal Audit Socket.
[[0;32m  OK  [0m] Listening on Journal Audit Socket.
[   10.630989] systemd[1]: Set up automount Arbitrary Executable File Formats File System Automount Point.
[[0;32m  OK  [0m] Set up automount Arbitrary Executab...ats File System Automount Point.
[   10.644728] systemd[1]: Reached target User and Group Name Lookups.
[[0;32m  OK  [0m] Reached target User and Group Name Lookups.
[   10.654970] systemd[1]: Listening on Device-mapper event daemon FIFOs.
[[0;32m  OK  [0m] Listening on Device-mapper event daemon FIFOs.
[   10.666012] systemd[1]: Created slice User and Session Slice.
[[0;32m  OK  [0m] Created slice User and Session Slice.
[   10.675740] systemd[1]: Listening on /dev/initctl Compatibility Named Pipe.
[[0;32m  OK  [0m] Listening on /dev/initctl Compatibility Named Pipe.
[   10.687069] systemd[1]: Created slice System Slice.
[[0;32m  OK  [0m] Created slice System Slice.
[   10.708847] systemd[1]: Starting Create list of required static device nodes for the current kernel...
         Starting Create list of required st... nodes for the current kernel...
[   10.723633] systemd[1]: Starting Set console keymap...
         Starting Set console keymap...
[   10.734505] systemd[1]: Starting Monitoring of LVM2 mirrors, snapshots etc. using dmeventd or progress polling...
         Starting Monitoring of LVM2 mirrors... dmeventd or progress polling...
[   10.750662] systemd[1]: Mounting POSIX Message Queue File System...
         Mounting POSIX Message Queue File System...
[   10.765238] systemd[1]: Created slice system-serial\x2dgetty.slice.
[[0;32m  OK  [0m] Created slice system-serial\x2dgetty.slice.
[   10.779277] systemd[1]: Reached target Slices.
[[0;32m  OK  [0m] Reached target Slices.
[   10.798515] systemd[1]: Starting Uncomplicated firewall...
         Starting Uncomplicated firewall...
[   10.809525] systemd[1]: Listening on Syslog Socket.
[[0;32m  OK  [0m] Listening on Syslog Socket.
[   10.819622] systemd[1]: Starting Journal Service...
[   10.824864] random: nonblocking pool is initialized
         Starting Journal Service...
[   10.837603] systemd[1]: Mounting Debug File System...
         Mounting Debug File System...
[   10.850449] systemd[1]: Starting File System Check on Root Device...
         Starting File System Check on Root Device...
[   10.862912] systemd[1]: Listening on udev Kernel Socket.
[[0;32m  OK  [0m] Listening on udev Kernel Socket.
[   10.875465] systemd[1]: Listening on LVM2 poll daemon socket.
[[0;32m  OK  [0m] Listening on LVM2 poll daemon socket.
[   10.900227] systemd[1]: Starting Load Kernel Modules...
         Starting Load Kernel Modules...
[   10.914431] systemd[1]: Mounting Huge Pages File System...
         Mounting Huge Pages File System...[   10.923680] Loading iSCSI transport class v2.0-870.

[   10.927256] systemd[1]: Starting Nameserver information manager...
         Starting Nameserver information manager...
[   10.941802] systemd[1]: Mounted Huge Pages File System.
[[0;32m  OK  [0m] Mounted Huge Pages File System.[   10.951242] iscsi: registered transport (tcp)

[   10.954374] systemd[1]: Mounted POSIX Message Queue File System.
[[0;32m  OK  [0m] Mounted POSIX Message Queue File System.
[   10.967570] systemd[1]: Mounted Debug File System.
[[0;32m  OK  [0m] Mounted Debug File System.
[   10.978382] systemd[1]: Started Journal Service.
[[0;32m  OK  [0m] Started Journal Service.
[[0;32m  OK  [0m] Started Create list of required sta...ce nodes for the current kernel.
[[0;32m  OK  [0m] Started Set console keymap.
[[0;32m  OK  [0m] Started Uncomplicated firewall.
[[0;32m  OK  [0m] Started File System Check on Root Device.
[   11.038642] iscsi: registered transport (iser)
[[0;32m  OK  [0m] Started Load Kernel Modules.
[[0;32m  OK  [0m] Started File System Check Daemon to report status.
[[0;32m  OK  [0m] Started LVM2 metadata daemon.
         Mounting FUSE Control File System...
         Starting Apply Kernel Variables...
         Starting Remount Root and Kernel File Systems...
         Starting Create Static Device Nodes in /dev...
[[0;32m  OK  [0m] Mounted FUSE Control File System.
[[0;32m  OK  [0m] Started Nameserver information manager.
[[0;32m  OK  [0m] Started Apply Kernel Variables.
[[0;32m  OK  [0m] Started Remount Root and Kernel File Systems.
[[0;32m  OK  [0m] Started Create Static Device Nodes in /dev.
         Starting udev Kernel Device Manager...
         Starting Flush Journal to Persistent Storage...
         Starting udev Coldplug all Devices...
         Starting Load/Save Random Seed...
[[0;32m  OK  [0m] Started Load/Save Random Seed.
[[0;32m  OK  [0m] Started Flush Journal to Persistent Storage.
[[0;32m  OK  [0m] Started udev Kernel Device Manager.
[[0;32m  OK  [0m] Started udev Coldplug all Devices.
[[0;32m  OK  [0m] Started Dispatch Password Requests to Console Directory Watch.
[[0;32m  OK  [0m] Started Monitoring of LVM2 mirrors,...ng dmeventd or progress polling.
[[0;32m  OK  [0m] Reached target Local File Systems (Pre).
[[0;32m  OK  [0m] Reached target Local File Systems.
         Starting Tell Plymouth To Write Out Runtime Data...
         Starting Set console font and keymap...
         Starting Initial cloud-init job (pre-networking)...
         Starting Create Volatile Files and Directories...
         Starting Commit a transient machine-id on disk...
         Starting LSB: AppArmor initialization...
[[0;32m  OK  [0m] Started Tell Plymouth To Write Out Runtime Data.
[[0;32m  OK  [0m] Started Create Volatile Files and Directories.
         Starting Update UTMP about System Boot/Shutdown...
[[0;32m  OK  [0m] Started Update UTMP about System Boot/Shutdown.
[[0;32m  OK  [0m] Started Commit a transient machine-id on disk.
[[0;32m  OK  [0m] Found device /dev/ttyS0.
[[0;32m  OK  [0m] Listening on Load/Save RF Kill Switch Status /dev/rfkill Watch.
[[0;32m  OK  [0m] Started LSB: AppArmor initialization.
[   12.907582] cloud-init[497]: Cloud-init v. 21.1-19-gbad84ad4-0ubuntu1~16.04.2 running 'init-local' at Sun, 26 Feb 2023 18:06:42 +0000. Up 12.59 seconds.
         Starting Load AppArmor profiles managed internally by snapd...
[[0;32m  OK  [0m] Started Initial cloud-init job (pre-networking).
[[0;32m  OK  [0m] Started Load AppArmor profiles managed internally by snapd.
[[0;32m  OK  [0m] Reached target Network (Pre).
         Starting Raise network interfaces...
[[0;32m  OK  [0m] Started Set console font and keymap.
[[0;32m  OK  [0m] Created slice system-getty.slice.
[[0;32m  OK  [0m] Started Raise network interfaces.
         Starting Initial cloud-init job (metadata service crawler)...
[[0;32m  OK  [0m] Reached target Network.
[   15.041216] cloud-init[949]: Cloud-init v. 21.1-19-gbad84ad4-0ubuntu1~16.04.2 running 'init' at Sun, 26 Feb 2023 18:06:44 +0000. Up 14.30 seconds.
[   15.046030] cloud-init[949]: ci-info: ++++++++++++++++++++++++++++++++++++++Net device info++++++++++++++++++++++++++++++++++++++
[   15.050558] cloud-init[949]: ci-info: +--------+------+----------------------------+---------------+--------+-------------------+
[   15.055446] cloud-init[949]: ci-info: | Device |  Up  |          Address           |      Mask     | Scope  |     Hw-Address    |
[   15.060713] cloud-init[949]: ci-info: +--------+------+----------------------------+---------------+--------+-------------------+
[   15.065369] cloud-init[949]: ci-info: | enp0s3 | True |         10.0.2.15          | 255.255.255.0 | global | 02:be:82:6b:cc:1d |
[   15.070590] cloud-init[949]: ci-info: | enp0s3 | True | fe80::be:82ff:fe6b:cc1d/64 |       .       |  link  | 02:be:82:6b:cc:1d |
[   15.075137] cloud-init[949]: ci-info: |   lo   | True |         127.0.0.1          |   255.0.0.0   |  host  |         .         |
[   15.079698] cloud-init[949]: ci-info: |   lo   | True |          ::1/128           |       .       |  host  |         .         |
[   15.084390] cloud-init[949]: ci-info: +--------+------+----------------------------+---------------+--------+-------------------+
[   15.089495] cloud-init[949]: ci-info: +++++++++++++++++++++++++++Route IPv4 info++++++++++++++++++++++++++++
[   15.093868] cloud-init[949]: ci-info: +-------+-------------+----------+---------------+-----------+-------+
[   15.098218] cloud-init[949]: ci-info: | Route | Destination | Gateway  |    Genmask    | Interface | Flags |
[   15.102661] cloud-init[949]: ci-info: +-------+-------------+----------+---------------+-----------+-------+
[   15.106778] cloud-init[949]: ci-info: |   0   |   0.0.0.0   | 10.0.2.2 |    0.0.0.0    |   enp0s3  |   UG  |
[   15.110842] cloud-init[949]: ci-info: |   1   |   10.0.2.0  | 0.0.0.0  | 255.255.255.0 |   enp0s3  |   U   |
[   15.114947] cloud-init[949]: ci-info: +-------+-------------+----------+---------------+-----------+-------+
[   15.119052] cloud-init[949]: ci-info: +++++++++++++++++++Route IPv6 info+++++++++++++++++++
[   15.123095] cloud-init[949]: ci-info: +-------+-------------+---------+-----------+-------+
[   15.126801] cloud-init[949]: ci-info: | Route | Destination | Gateway | Interface | Flags |
[   15.130357] cloud-init[949]: ci-info: +-------+-------------+---------+-----------+-------+
[   15.134549] cloud-init[949]: ci-info: |   0   |  fe80::/64  |    ::   |   enp0s3  |   U   |
[   15.138971] cloud-init[949]: ci-info: |   3   |   ff00::/8  |    ::   |   enp0s3  |   U   |
[   15.145528] cloud-init[949]: ci-info: +-------+-------------+---------+-----------+-------+
[   15.150237] cloud-init[949]: Generating public/private rsa key pair.
[   15.153516] cloud-init[949]: Your identification has been saved in /etc/ssh/ssh_host_rsa_key.
[   15.157382] cloud-init[949]: Your public key has been saved in /etc/ssh/ssh_host_rsa_key.pub.
[   15.161342] cloud-init[949]: The key fingerprint is:
[   15.164078] cloud-init[949]: SHA256:DTcA8GL9RYWuvWmurmjTt3/L5VjO8gRmQZ8zNV6DtwY root@ubuntu-xenial
[[0;32m  OK  [0m] Started Initial cloud-init job (metadata service crawler).
[[0;32m  OK  [0m] Reached target Cloud-config availability.
[[0;32m  OK  [0m] Reached target System Initialization.
[   15.168265] cloud-init[949]: The key's randomart image is:
[[0;32m  OK  [0m] Started ACPI Events Check.
[[0;32m  OK  [0m] Reached target Paths.
[[0;32m  OK  [0m] Listening on D-Bus System Message Bus Socket.
[[0;32m  OK  [0m] Started Daily Cleanup of Temporary Directories.
[[0;32m  OK  [0m] Listening on UUID daemon activation socket.
[[0;32m  OK  [0m] Started Ubuntu Advantage update messaging.
[[0;32m  OK  [0m] Started Daily apt download activities.
[[0;32m  OK  [0m] Started Daily apt upgrade and clean activities.
[   15.183571]          Starting LXD - unix socket.
[[0;32m  OK  [0m] Started Message of the Day.
[[0;32m  OK  [0m] Reached target Timers.
         Starting Socket activation for snappy daemon.
[[0;32m  OK  [0m] Listening on ACPID Listen Socket.
[[0;32m  OK  [0m] Reached target Network is Online.
cloud-init[949]: +---[RSA 2048]----+
[   15.205996] cloud-init         Starting iSCSI initiator daemon (iscsid)...
[[0;32m  OK  [0m] Listening on LXD - unix socket.
[[0;32m  OK  [0m] Listening on Socket activation for snappy daemon.
[[0;32m  OK  [0m] Reached target Sockets.
[[0;32m  OK  [0m] Reached target Basic System.
         Starting LSB: MD monitoring daemon...
[949]: |    ..... .oo .oo|[[0;32m  OK  [0m] Started ACPI event daemon.
[[0;32m  OK  [0m] Started Regular background program processing daemon.
[[0;32m  OK  [0m] Started Deferred execution scheduler.
         Starting System Logging Service...

[   15.237848]          Starting Pollinate to seed the pseudo random number generator...
         Starting Virtualbox guest utils...
[[0;32m  OK  [0m] Started D-Bus System Message Bus.
cloud-init[949]: |     o   o.. E.++|
[   15.253320] cloud-init[949]: |    o o ..+ . B..|
[   15.258779] cloud-init[949]: |   . . . =.. . = |
[   15.268569] cloud-init[949]: |        So. + .  |
[   15.278892] cloud-init[949]: |        . .o .   |
[   15.287412] cloud-init[949]: |     .     o  +  |
[   15.294461] cloud-init[949]: |    o.. . +.oO   |
[[0;32m  OK  [0m] Started FUSE filesystem for LXC.
         Starting Accounts Service...
         Starting LSB: Record successful boot for GRUB...
         Starting Login Service...
         Starting /etc/rc.local Compatibility...
         Starting Snap Daemon...
         Starting LXD - container startup/shutdown...
[[0;32m  OK  [0m] Started System Logging Service.
[[0;32m  OK  [0m] Started /etc/rc.local Compatibility.
[   15.299715] [[0;32m  OK  [0m] Started iSCSI initiator daemon (iscsid).
cloud-init[949]: |   ....++*o.++=  |         Starting Login to default iSCSI targets...
[[0;32m  OK  [0m] Started LSB: MD monitoring daemon.

[   15.369439] cloud-init[[0;32m  OK  [0m] Started Login Service.
[[0;32m  OK  [0m] Started Unattended Upgrades Shutdown.
[949]: +----[SHA256]-----+[[0;32m  OK  [0m] Started Login to default iSCSI targets.
[[0;32m  OK  [0m] Reached target Remote File Systems (Pre).
[[0;32m  OK  [0m] Reached target Remote File Systems.

         Starting LSB: Set the CPU Frequency Scaling governor to "ondemand"...
         Starting Permit User Sessions...
         Starting LSB: automatic crash report generation...
         Starting LSB: daemon to balance interrupts for SMP systems...
[   15.447709] [[0;32m  OK  [0m] Started Permit User Sessions.
         Starting Terminate Plymouth Boot Screen...
         Starting Hold until boot process finishes up...
[[0;32m  OK  [0m] Started Hold until boot process finishes up.
         Starting Set console scheme...
[[0;32m  OK  [0m] Started Getty on tty1.
[[0;32m  OK  [0m] Started Serial Getty on ttyS0.
[[0;32m  OK  [0m] Reached target Login Prompts.
[[0;32m  OK  [0m] Started Terminate Plymouth Boot Screen.
cloud-init         Starting Authenticate and Authorize Users to Run Privileged Tasks...
[949]: Generating public/private dsa key pair.[[0;32m  OK  [0m] Started LSB: Record successful boot for GRUB.
[[0;32m  OK  [0m] Started Set console scheme.

[   15.540528] cloud-init[949]: Your identification has been saved in /etc/ssh/ssh_host_dsa_key.[[0;32m  OK  [0m] Started LSB: Set the CPU Frequency Scaling governor to "ondemand".

[[0;32m  OK  [0m] Started LSB: automatic crash report generation.
[[0;32m  OK  [0m] Started LSB: daemon to balance interrupts for SMP systems.
[   15.597954] cloud-init[949]: Your public key has been saved in /etc/ssh/ssh_host_dsa_key.pub.
[   15.622959] cloud-init[949]: The key fingerprint is:
[[0;32m  OK  [0m] Started Authenticate and Authorize Users to Run Privileged Tasks.
[[0;32m  OK  [0m] Started Accounts Service.
[[0;32m  OK  [0m] Started LXD - container startup/shutdown.
[   15.645589] cloud-init[949]: SHA256:09qpBulwlKkGWZePZRkIOU3s1rRjPzWSLBaKx+NPUiQ root@ubuntu-xenial
[   15.657127] cloud-init[949]: The key's randomart image is:
[   15.666729] cloud-init[949]: +---[DSA 1024]----+
[   15.677930] cloud-init[949]: |    .*.o.o       |
[   15.687649] cloud-init[[0;32m  OK  [0m] Started Virtualbox guest utils.
[949]: |    + E B        |
[   15.704078] cloud-init[949]: |   o * & + .     |
[   15.717866] cloud-init[949]: |  o . % X.+ o    |
[   15.728228] cloud-init[949]: |   . * *S+.o .   |
[   15.738171] cloud-init[949]: |    + * .+o.     |
[   15.744279] cloud-init[949]: |   . + =. o.     |
[   15.752593] cloud-init[949]: |      . o.       |
[   15.761071] cloud-init[949]: |       ..        |
[   15.768717] cloud-init[949]: +----[SHA256]-----+
[   15.777636] cloud-init[949]: Generating public/private ecdsa key pair.
[   15.787874] cloud-init[949]: Your identification has been saved in /etc/ssh/ssh_host_ecdsa_key.
[   15.798351] cloud-init[949]: Your public key has been saved in /etc/ssh/ssh_host_ecdsa_key.pub.
[   15.806871] cloud-init[949]: The key fingerprint is:
[   15.813381] cloud-init[949]: SHA256:2YeQDUaDGhzSl9Svy9tq6qp83KIKvBh+M7GtAyciGUM root@ubuntu-xenial
[   15.823234] cloud-init[949]: The key's randomart image is:
[   15.833106] cloud-init[949]: +---[ECDSA 256]---+
[   15.841479] cloud-init[949]: |  .o.o.==        |
[   15.852962] cloud-init[949]: | E .+ +..=       |
[   15.866088] cloud-init[949]: |.    +  o..      |
[   15.871291] cloud-init[949]: |o   .    +..     |
[   15.879200] cloud-init[949]: | +      S.o .    |
[   15.885005] cloud-init[949]: |=o o    .  .     |
[   15.890435] cloud-init[949]: |=.+.+. . .       |
[   15.893188] cloud-init[949]: |+o.*+.. +.       |
[   15.898739] cloud-init[949]: |o+==*+oooo.      |
[   15.901438] cloud-init[949]: +----[SHA256]-----+
[   15.904221] cloud-init[949]: Generating public/private ed25519 key pair.
[   15.907561] cloud-init[949]: Your identification has been saved in /etc/ssh/ssh_host_ed25519_key.
[   15.915615] cloud-init[949]: Your public key has been saved in /etc/ssh/ssh_host_ed25519_key.pub.
[   15.922519] cloud-init[949]: The key fingerprint is:
[   15.927526] cloud-init[949]: SHA256:nqAa7zAZoOvXoRbR0vH0KhBbe6dqeW2xP4VDupnxizw root@ubuntu-xenial
[   15.933351] cloud-init[949]: The key's randomart image is:
[   15.938576] cloud-init[949]: +--[ED25519 256]--+
[   15.943190] cloud-init[949]: |                 |
[   15.947821] cloud-init[949]: |   . o .         |
[   15.952528] cloud-init[949]: |.   * = .        |
[   15.957490] cloud-init[949]: |.. = + o o .     |
[   15.962571] cloud-init[949]: |. . + o S o .    |
[   15.969541] cloud-init[949]: | . + + = = o .   |
[   15.972396] cloud-init[949]: |. = = = + O o    |
[   15.975229] cloud-init[949]: |.  X = ..E.o     |
[   15.978941] cloud-init[949]: | .+.+ . .oooo    |
[   15.982255] cloud-init[949]: +----[SHA256]-----+
[[0;32m  OK  [0m] Started Snap Daemon.
         Starting Wait until snapd is fully seeded...
[[0;32m  OK  [0m] Started Pollinate to seed the pseudo random number generator.
         Starting OpenBSD Secure Shell server...
[[0;32m  OK  [0m] Started OpenBSD Secure Shell server.
[[0;32m  OK  [0m] Started Wait until snapd is fully seeded.
[[0;32m  OK  [0m] Reached target Multi-User System.
[[0;32m  OK  [0m] Reached target Graphical Interface.
         Starting Update UTMP about System Runlevel Changes...
         Starting Apply the settings specified in cloud-config...
[[0;32m  OK  [0m] Started Update UTMP about System Runlevel Changes.
[   17.542349] cloud-init[1303]: Generating locales (this might take a while)...
[[0;32m  OK  [0m] Created slice User Slice of vagrant.
         Starting User Manager for UID 1000...
[[0;32m  OK  [0m] Started Session 1 of user vagrant.
[[0;32m  OK  [0m] Started User Manager for UID 1000.
[   18.518713] cloud-init[1303]:   en_US.UTF-8... done
[   18.524782] cloud-init[1303]: Generation complete.
[   19.025288] cloud-init[1303]: Cloud-init v. 21.1-19-gbad84ad4-0ubuntu1~16.04.2 running 'modules:config' at Sun, 26 Feb 2023 18:06:47 +0000. Up 17.43 seconds.
[[0;32m  OK  [0m] Started Apply the settings specified in cloud-config.
         Starting Execute cloud user/final scripts...
ci-info: no authorized SSH keys fingerprints found for user ubuntu.
<14>Feb 26 18:06:49 ec2: 
<14>Feb 26 18:06:49 ec2: #############################################################
<14>Feb 26 18:06:49 ec2: -----BEGIN SSH HOST KEY FINGERPRINTS-----
<14>Feb 26 18:06:49 ec2: 1024 SHA256:09qpBulwlKkGWZePZRkIOU3s1rRjPzWSLBaKx+NPUiQ root@ubuntu-xenial (DSA)
<14>Feb 26 18:06:49 ec2: 256 SHA256:2YeQDUaDGhzSl9Svy9tq6qp83KIKvBh+M7GtAyciGUM root@ubuntu-xenial (ECDSA)
<14>Feb 26 18:06:49 ec2: 256 SHA256:nqAa7zAZoOvXoRbR0vH0KhBbe6dqeW2xP4VDupnxizw root@ubuntu-xenial (ED25519)
<14>Feb 26 18:06:49 ec2: 2048 SHA256:DTcA8GL9RYWuvWmurmjTt3/L5VjO8gRmQZ8zNV6DtwY root@ubuntu-xenial (RSA)
<14>Feb 26 18:06:49 ec2: -----END SSH HOST KEY FINGERPRINTS-----
<14>Feb 26 18:06:49 ec2: #############################################################
-----BEGIN SSH HOST KEY KEYS-----
ecdsa-sha2-nistp256 AAAAE2VjZHNhLXNoYTItbmlzdHAyNTYAAAAIbmlzdHAyNTYAAABBBJX8jF3l++dPd/rvdUb917r+bogrTvaJe+VsppUNDpGe0xs5SYUcdoX0/tLuIooHsQSzEZH7GpdvZIpTnVxv9o8= root@ubuntu-xenial
ssh-ed25519 AAAAC3NzaC1lZDI1NTE5AAAAIDOvZNpMJoyrtogKdSICy3iqBJYFn9Mg3EP2KWO85pIg root@ubuntu-xenial
ssh-rsa AAAAB3NzaC1yc2EAAAADAQABAAABAQDQwHRSZV5oguBl0Egf+3tGSfIjOmwwBnOS+r1DUQ2caYGKFY8zMtkWm8LVJ1kHGEFF8Vx5NPkrIUpJMlsi0bEzI/H1a3PSDQBBjomNge6KgGKbB7C2CCGvtn/NLfj1/GEEmd2XuNoC61Vzhxb9Dj9i1j0yIKxPYJw9mnfpmOKxkiNc3FRW1/VY9IYEFhNhIUWMP+KLpgQZ0qTRCQROIWRZKZTuj6KdjB6YxSwP0AtZFonEkAhHnGbGGcOeGKWff8TPhpZ+0MNhTkUTZo9mLbOot8MCLeOfOrmFE6NZb4UZD58KyhsYbL6yRKVs1Y7grcmH6w/hayi5fftbzmyqGpil root@ubuntu-xenial
-----END SSH HOST KEY KEYS-----
[   19.576671] cloud-init[1418]: Cloud-init v. 21.1-19-gbad84ad4-0ubuntu1~16.04.2 running 'modules:final' at Sun, 26 Feb 2023 18:06:49 +0000. Up 19.40 seconds.
[   19.583967] cloud-init[1418]: ci-info: no authorized SSH keys fingerprints found for user ubuntu.
[   19.598017] [[0;32m  OK  [0m] Started Execute cloud user/final scripts.
[[0;32m  OK  [0m] Reached target Cloud-init target.
cloud-init[1418]: Cloud-init v. 21.1-19-gbad84ad4-0ubuntu1~16.04.2 finished at Sun, 26 Feb 2023 18:06:49 +0000. Datasource DataSourceNoCloud [seed=/dev/sdb][dsmode=net].  Up 19.56 seconds

Ubuntu 16.04.7 LTS ubuntu-xenial ttyS0

ubuntu-xenial login: 